Archive member included to satisfy reference by file (symbol)

c:/nxp/mcuxpressoide_11.3.0_5222/ide/plugins/com.nxp.mcuxpresso.tools.win32_11.3.0.202008311133/tools/bin/../lib/gcc/arm-none-eabi/9.3.1/../../../../arm-none-eabi/lib/thumb/v7e-m+fp/hard\libcr_semihost_nf.a(_cr__main.o)
                              ./startup/startup_mk66f18.o (__main)
c:/nxp/mcuxpressoide_11.3.0_5222/ide/plugins/com.nxp.mcuxpresso.tools.win32_11.3.0.202008311133/tools/bin/../lib/gcc/arm-none-eabi/9.3.1/../../../../arm-none-eabi/lib/thumb/v7e-m+fp/hard\libcr_semihost_nf.a(_cr_assert.o)
                              ./utilities/fsl_debug_console.o (__assertion_failed)
c:/nxp/mcuxpressoide_11.3.0_5222/ide/plugins/com.nxp.mcuxpresso.tools.win32_11.3.0.202008311133/tools/bin/../lib/gcc/arm-none-eabi/9.3.1/../../../../arm-none-eabi/lib/thumb/v7e-m+fp/hard\libcr_semihost_nf.a(__ciob.o)
                              c:/nxp/mcuxpressoide_11.3.0_5222/ide/plugins/com.nxp.mcuxpresso.tools.win32_11.3.0.202008311133/tools/bin/../lib/gcc/arm-none-eabi/9.3.1/../../../../arm-none-eabi/lib/thumb/v7e-m+fp/hard\libcr_semihost_nf.a(_cr_assert.o) (__Ciob)
c:/nxp/mcuxpressoide_11.3.0_5222/ide/plugins/com.nxp.mcuxpresso.tools.win32_11.3.0.202008311133/tools/bin/../lib/gcc/arm-none-eabi/9.3.1/../../../../arm-none-eabi/lib/thumb/v7e-m+fp/hard\libcr_semihost_nf.a(__sys_appexit.o)
                              c:/nxp/mcuxpressoide_11.3.0_5222/ide/plugins/com.nxp.mcuxpresso.tools.win32_11.3.0.202008311133/tools/bin/../lib/gcc/arm-none-eabi/9.3.1/../../../../arm-none-eabi/lib/thumb/v7e-m+fp/hard\libcr_semihost_nf.a(_cr_assert.o) (__sys_appexit)
c:/nxp/mcuxpressoide_11.3.0_5222/ide/plugins/com.nxp.mcuxpresso.tools.win32_11.3.0.202008311133/tools/bin/../lib/gcc/arm-none-eabi/9.3.1/../../../../arm-none-eabi/lib/thumb/v7e-m+fp/hard\libcr_c.a(memcpy.o)
                              ./utilities/fsl_str.o (memcpy)
c:/nxp/mcuxpressoide_11.3.0_5222/ide/plugins/com.nxp.mcuxpresso.tools.win32_11.3.0.202008311133/tools/bin/../lib/gcc/arm-none-eabi/9.3.1/../../../../arm-none-eabi/lib/thumb/v7e-m+fp/hard\libcr_c.a(memset.o)
                              ./freertos/freertos_kernel/stream_buffer.o (memset)
c:/nxp/mcuxpressoide_11.3.0_5222/ide/plugins/com.nxp.mcuxpresso.tools.win32_11.3.0.202008311133/tools/bin/../lib/gcc/arm-none-eabi/9.3.1/../../../../arm-none-eabi/lib/thumb/v7e-m+fp/hard\libcr_c.a(_deferredlazyseek.o)
                              c:/nxp/mcuxpressoide_11.3.0_5222/ide/plugins/com.nxp.mcuxpresso.tools.win32_11.3.0.202008311133/tools/bin/../lib/gcc/arm-none-eabi/9.3.1/../../../../arm-none-eabi/lib/thumb/v7e-m+fp/hard\libcr_semihost_nf.a(_cr_assert.o) (__flsbuf)
c:/nxp/mcuxpressoide_11.3.0_5222/ide/plugins/com.nxp.mcuxpresso.tools.win32_11.3.0.202008311133/tools/bin/../lib/gcc/arm-none-eabi/9.3.1/../../../../arm-none-eabi/lib/thumb/v7e-m+fp/hard\libcr_c.a(_fflush.o)
                              c:/nxp/mcuxpressoide_11.3.0_5222/ide/plugins/com.nxp.mcuxpresso.tools.win32_11.3.0.202008311133/tools/bin/../lib/gcc/arm-none-eabi/9.3.1/../../../../arm-none-eabi/lib/thumb/v7e-m+fp/hard\libcr_c.a(_deferredlazyseek.o) (_fflush)
c:/nxp/mcuxpressoide_11.3.0_5222/ide/plugins/com.nxp.mcuxpresso.tools.win32_11.3.0.202008311133/tools/bin/../lib/gcc/arm-none-eabi/9.3.1/../../../../arm-none-eabi/lib/thumb/v7e-m+fp/hard\libcr_c.a(_writebuf.o)
                              c:/nxp/mcuxpressoide_11.3.0_5222/ide/plugins/com.nxp.mcuxpresso.tools.win32_11.3.0.202008311133/tools/bin/../lib/gcc/arm-none-eabi/9.3.1/../../../../arm-none-eabi/lib/thumb/v7e-m+fp/hard\libcr_c.a(_deferredlazyseek.o) (_Cwritebuf)
c:/nxp/mcuxpressoide_11.3.0_5222/ide/plugins/com.nxp.mcuxpresso.tools.win32_11.3.0.202008311133/tools/bin/../lib/gcc/arm-none-eabi/9.3.1/../../../../arm-none-eabi/lib/thumb/v7e-m+fp/hard\libcr_c.a(alloc.o)
                              ./drivers/fsl_common.o (malloc)
c:/nxp/mcuxpressoide_11.3.0_5222/ide/plugins/com.nxp.mcuxpresso.tools.win32_11.3.0.202008311133/tools/bin/../lib/gcc/arm-none-eabi/9.3.1/../../../../arm-none-eabi/lib/thumb/v7e-m+fp/hard\libcr_c.a(fputs.o)
                              c:/nxp/mcuxpressoide_11.3.0_5222/ide/plugins/com.nxp.mcuxpresso.tools.win32_11.3.0.202008311133/tools/bin/../lib/gcc/arm-none-eabi/9.3.1/../../../../arm-none-eabi/lib/thumb/v7e-m+fp/hard\libcr_semihost_nf.a(_cr_assert.o) (fputs)
c:/nxp/mcuxpressoide_11.3.0_5222/ide/plugins/com.nxp.mcuxpresso.tools.win32_11.3.0.202008311133/tools/bin/../lib/gcc/arm-none-eabi/9.3.1/../../../../arm-none-eabi/lib/thumb/v7e-m+fp/hard\libcr_c.a(fseek.o)
                              c:/nxp/mcuxpressoide_11.3.0_5222/ide/plugins/com.nxp.mcuxpresso.tools.win32_11.3.0.202008311133/tools/bin/../lib/gcc/arm-none-eabi/9.3.1/../../../../arm-none-eabi/lib/thumb/v7e-m+fp/hard\libcr_c.a(_deferredlazyseek.o) (fseek)
c:/nxp/mcuxpressoide_11.3.0_5222/ide/plugins/com.nxp.mcuxpresso.tools.win32_11.3.0.202008311133/tools/bin/../lib/gcc/arm-none-eabi/9.3.1/../../../../arm-none-eabi/lib/thumb/v7e-m+fp/hard\libcr_c.a(ftell.o)
[...]
Memory Configuration

Name             Origin             Length             Attributes
PROGRAM_FLASH    0x00000000         0x00100000         xr
SRAM_UPPER       0x20000000         0x00030000         xrw
SRAM_LOWER       0x1fff0000         0x00010000         xrw
FLEX_RAM         0x14000000         0x00001000         xrw
*default*        0x00000000         0xffffffff

Linker script and memory map

LOAD ./utilities/fsl_debug_console.o
LOAD ./utilities/fsl_str.o
LOAD ./startup/startup_mk66f18.o
LOAD ./source/WB-CAN-Firmware.o
LOAD ./source/semihost_hardfault.o
LOAD ./freertos/freertos_kernel/portable/MemMang/heap_4.o
LOAD ./freertos/freertos_kernel/portable/GCC/ARM_CM4F/port.o
LOAD ./freertos/freertos_kernel/croutine.o
LOAD ./freertos/freertos_kernel/event_groups.o
LOAD ./freertos/freertos_kernel/list.o
LOAD ./freertos/freertos_kernel/queue.o
LOAD ./freertos/freertos_kernel/stream_buffer.o
LOAD ./freertos/freertos_kernel/tasks.o
LOAD ./freertos/freertos_kernel/timers.o
LOAD ./drivers/fsl_clock.o
LOAD ./drivers/fsl_common.o
LOAD ./drivers/fsl_gpio.o
LOAD ./drivers/fsl_uart.o
LOAD ./device/system_MK66F18.o
LOAD ./component/uart/uart_adapter.o
LOAD ./component/serial_manager/serial_manager.o
LOAD ./component/serial_manager/serial_port_uart.o
LOAD ./component/lists/generic_list.o
LOAD ./board/board.o
LOAD ./board/clock_config.o
LOAD ./board/peripherals.o
LOAD ./board/pin_mux.o
START GROUP
LOAD c:/nxp/mcuxpressoide_11.3.0_5222/ide/plugins/com.nxp.mcuxpresso.tools.win32_11.3.0.202008311133/tools/bin/../lib/gcc/arm-none-eabi/9.3.1/../../../../arm-none-eabi/lib/thumb/v7e-m+fp/hard\libcr_semihost_nf.a
LOAD c:/nxp/mcuxpressoide_11.3.0_5222/ide/plugins/com.nxp.mcuxpresso.tools.win32_11.3.0.202008311133/tools/bin/../lib/gcc/arm-none-eabi/9.3.1/../../../../arm-none-eabi/lib/thumb/v7e-m+fp/hard\libcr_c.a
LOAD c:/nxp/mcuxpressoide_11.3.0_5222/ide/plugins/com.nxp.mcuxpresso.tools.win32_11.3.0.202008311133/tools/bin/../lib/gcc/arm-none-eabi/9.3.1/thumb/v7e-m+fp/hard\libcr_eabihelpers.a
LOAD c:/nxp/mcuxpressoide_11.3.0_5222/ide/plugins/com.nxp.mcuxpresso.tools.win32_11.3.0.202008311133/tools/bin/../lib/gcc/arm-none-eabi/9.3.1/thumb/v7e-m+fp/hard\libgcc.a
END GROUP
                0x00000000                __base_PROGRAM_FLASH = 0x0
                0x00000000                __base_Flash = 0x0
                0x00100000                __top_PROGRAM_FLASH = 0x100000
                0x00100000                __top_Flash = 0x100000
                0x20000000                __base_SRAM_UPPER = 0x20000000
                0x20000000                __base_RAM = 0x20000000
                0x20030000                __top_SRAM_UPPER = 0x20030000
                0x20030000                __top_RAM = 0x20030000
                0x1fff0000                __base_SRAM_LOWER = 0x1fff0000
                0x1fff0000                __base_RAM2 = 0x1fff0000
                0x20000000                __top_SRAM_LOWER = 0x20000000
                0x20000000                __top_RAM2 = 0x20000000
                0x14000000                __base_FLEX_RAM = 0x14000000
                0x14000000                __base_RAM3 = 0x14000000
                0x14001000                __top_FLEX_RAM = 0x14001000
                0x14001000                __top_RAM3 = 0x14001000

.text           0x00000000     0x4960
 FILL mask 0xff
                0x00000000                __vectors_start__ = ABSOLUTE (.)
 *(SORT_BY_ALIGNMENT(.isr_vector))
 .isr_vector    0x00000000      0x1d0 ./startup/startup_mk66f18.o
                0x00000000                g_pfnVectors
                0x00000000                __Vectors
                0x000001d0                . = ALIGN (0x4)
                0x000001d0                __section_table_start = .
                0x000001d0                __data_section_table = .
                0x000001d0        0x4 LONG 0x4960 LOADADDR (.data)
                0x000001d4        0x4 LONG 0x20000000 ADDR (.data)
                0x000001d8        0x4 LONG 0x8 SIZEOF (.data)
                0x000001dc        0x4 LONG 0x4960 LOADADDR (.data_RAM2)
                0x000001e0        0x4 LONG 0x1fff0000 ADDR (.data_RAM2)
                0x000001e4        0x4 LONG 0x0 SIZEOF (.data_RAM2)
                0x000001e8        0x4 LONG 0x4960 LOADADDR (.data_RAM3)
                0x000001ec        0x4 LONG 0x14000000 ADDR (.data_RAM3)
                0x000001f0        0x4 LONG 0x0 SIZEOF (.data_RAM3)
                0x000001f4                __data_section_table_end = .
                0x000001f4                __bss_section_table = .
                0x000001f4        0x4 LONG 0x20000008 ADDR (.bss)
                0x000001f8        0x4 LONG 0x2a80 SIZEOF (.bss)
                0x000001fc        0x4 LONG 0x1fff0000 ADDR (.bss_RAM2)
                0x00000200        0x4 LONG 0x0 SIZEOF (.bss_RAM2)
                0x00000204        0x4 LONG 0x14000000 ADDR (.bss_RAM3)
                0x00000208        0x4 LONG 0x0 SIZEOF (.bss_RAM3)
                0x0000020c                __bss_section_table_end = .
                0x0000020c                __section_table_end = .
 *(SORT_BY_ALIGNMENT(.after_vectors*))
 .after_vectors.reset
                0x0000020c       0x4c ./startup/startup_mk66f18.o
                0x0000020c                ResetISR
 .after_vectors.init_data
                0x00000258       0x1e ./startup/startup_mk66f18.o
                0x00000258                data_init
 .after_vectors.init_bss
                0x00000276       0x12 ./startup/startup_mk66f18.o
                0x00000276                bss_init
 .after_vectors
                0x00000288       0x14 ./startup/startup_mk66f18.o
                0x00000288                NMI_Handler
                0x0000028c                MemManage_Handler
                0x0000028e                BusFault_Handler
                0x00000290                UsageFault_Handler
                0x00000294                DebugMon_Handler
                0x0000029a                DMA_Error_DriverIRQHandler
                0x0000029a                LPTMR0_DriverIRQHandler
                0x0000029a                FTM1_DriverIRQHandler
                0x0000029a                FTM2_DriverIRQHandler
                0x0000029a                PIT2_DriverIRQHandler
                0x0000029a                TPM2_DriverIRQHandler
                0x0000029a                SDHC_DriverIRQHandler
                0x0000029a                DMA7_DMA23_DriverIRQHandler
                0x0000029a                I2C3_DriverIRQHandler
                0x0000029a                I2S0_Tx_DriverIRQHandler
                0x0000029a                TSI0_DriverIRQHandler
                0x0000029a                RTC_Seconds_DriverIRQHandler
                0x0000029a                CMP3_DriverIRQHandler
                0x0000029a                LLWU_DriverIRQHandler
                0x0000029a                MCM_DriverIRQHandler
                0x0000029a                DMA14_DMA30_DriverIRQHandler
                0x0000029a                MCG_DriverIRQHandler
                0x0000029a                ENET_1588_Timer_DriverIRQHandler
                0x0000029a                I2C2_DriverIRQHandler
                0x0000029a                DAC1_DriverIRQHandler
                0x0000029a                SPI1_DriverIRQHandler
                0x0000029a                CMP1_DriverIRQHandler
                0x0000029a                USBHSDCD_DriverIRQHandler
                0x0000029a                DMA0_DMA16_DriverIRQHandler
                0x0000029a                FTM0_DriverIRQHandler
                0x0000029a                IntDefaultHandler
                0x0000029a                USB0_DriverIRQHandler
                0x0000029a                PORTC_DriverIRQHandler
                0x0000029a                DMA2_DMA18_DriverIRQHandler
                0x0000029a                DAC0_DriverIRQHandler
                0x0000029a                CMP2_DriverIRQHandler
                0x0000029a                UART2_ERR_DriverIRQHandler
                0x0000029a                SPI2_DriverIRQHandler
                0x0000029a                LVD_LVW_DriverIRQHandler
                0x0000029a                Reserved84_DriverIRQHandler
                0x0000029a                PIT0_DriverIRQHandler
                0x0000029a                PORTB_DriverIRQHandler
                0x0000029a                USBDCD_DriverIRQHandler
                0x0000029a                UART3_ERR_DriverIRQHandler
                0x0000029a                DMA12_DMA28_DriverIRQHandler
                0x0000029a                DMA10_DMA26_DriverIRQHandler
                0x0000029a                UART0_ERR_DriverIRQHandler
                0x0000029a                CMT_DriverIRQHandler
                0x0000029a                Reserved71_DriverIRQHandler
                0x0000029a                ADC1_DriverIRQHandler
                0x0000029a                PORTA_DriverIRQHandler
                0x0000029a                DMA1_DMA17_DriverIRQHandler
                0x0000029a                PIT3_DriverIRQHandler
                0x0000029a                PIT1_DriverIRQHandler
                0x0000029a                TPM1_DriverIRQHandler
                0x0000029a                WDOG_EWM_DriverIRQHandler
                0x0000029a                PDB0_DriverIRQHandler
                0x0000029a                DMA8_DMA24_DriverIRQHandler
                0x0000029a                DMA6_DMA22_DriverIRQHandler
                0x0000029a                RTC_DriverIRQHandler
                0x0000029a                I2S0_Rx_DriverIRQHandler
                0x0000029a                Read_Collision_DriverIRQHandler
                0x0000029a                SWI_DriverIRQHandler
                0x0000029a                UART4_ERR_DriverIRQHandler
                0x0000029a                DMA13_DMA29_DriverIRQHandler
                0x0000029a                DMA11_DMA27_DriverIRQHandler
                0x0000029a                DMA4_DMA20_DriverIRQHandler
                0x0000029a                DMA9_DMA25_DriverIRQHandler
                0x0000029a                I2C1_DriverIRQHandler
                0x0000029a                ENET_Receive_DriverIRQHandler
                0x0000029a                DMA3_DMA19_DriverIRQHandler
                0x0000029a                ENET_Error_DriverIRQHandler
                0x0000029a                LPUART0_DriverIRQHandler
                0x0000029a                Reserved85_DriverIRQHandler
                0x0000029a                SPI0_DriverIRQHandler
                0x0000029a                ADC0_DriverIRQHandler
                0x0000029a                USBHS_DriverIRQHandler
                0x0000029a                CMP0_DriverIRQHandler
                0x0000029a                CAN0_DriverIRQHandler
                0x0000029a                FTM3_DriverIRQHandler
                0x0000029a                DMA5_DMA21_DriverIRQHandler
                0x0000029a                RNG_DriverIRQHandler
                0x0000029a                DMA15_DMA31_DriverIRQHandler
                0x0000029a                UART1_ERR_DriverIRQHandler
                0x0000029a                ENET_Transmit_DriverIRQHandler
                0x0000029a                PORTD_DriverIRQHandler
                0x0000029a                Reserved46_DriverIRQHandler
                0x0000029a                PORTE_DriverIRQHandler
                0x0000029a                FTFE_DriverIRQHandler
                0x0000029a                I2C0_DriverIRQHandler
                0x0000029a                CAN1_DriverIRQHandler
                0x00000400                . = 0x400
 *fill*         0x0000029c      0x164 ff
                0x00000400                PROVIDE (__FLASH_CONFIG_START__ = .)
 *(SORT_BY_ALIGNMENT(.FlashConfig))
 .FlashConfig   0x00000400       0x10 ./startup/startup_mk66f18.o
                0x00000400                Flash_Config
                0x00000410                PROVIDE (__FLASH_CONFIG_END__ = .)
                0x00000001                ASSERT (! ((__FLASH_CONFIG_START__ == __FLASH_CONFIG_END__)), Linker Flash Config Support Enabled, but no .FlashConfig section provided within application)
 *(SORT_BY_ALIGNMENT(.text*))
 .text.SVC_Handler
                0x00000410       0x28 ./freertos/freertos_kernel/portable/GCC/ARM_CM4F/port.o
                0x00000410                SVC_Handler
 *fill*         0x00000438        0x8 ff
 .text.PendSV_Handler
                0x00000440       0x68 ./freertos/freertos_kernel/portable/GCC/ARM_CM4F/port.o
                0x00000440                PendSV_Handler
 .text.main     0x000004a8       0x48 ./source/WB-CAN-Firmware.o
                0x000004a8                main
 .text.pvPortMalloc
                0x000004f0      0x198 ./freertos/freertos_kernel/portable/MemMang/heap_4.o
                0x000004f0                pvPortMalloc
 .text.vPortFree
                0x00000688       0xc4 ./freertos/freertos_kernel/portable/MemMang/heap_4.o
                0x00000688                vPortFree
 .text.prvHeapInit
                0x0000074c       0xc4 ./freertos/freertos_kernel/portable/MemMang/heap_4.o
 .text.prvInsertBlockIntoFreeList
                0x00000810       0xb4 ./freertos/freertos_kernel/portable/MemMang/heap_4.o
 .text.pxPortInitialiseStack
                0x000008c4       0x68 ./freertos/freertos_kernel/portable/GCC/ARM_CM4F/port.o
                0x000008c4                pxPortInitialiseStack
 .text.prvTaskExitError
                0x0000092c       0x58 ./freertos/freertos_kernel/portable/GCC/ARM_CM4F/port.o
 .text.prvPortStartFirstTask
                0x00000984       0x28 ./freertos/freertos_kernel/portable/GCC/ARM_CM4F/port.o
 .text.xPortStartScheduler
                0x000009ac      0x144 ./freertos/freertos_kernel/portable/GCC/ARM_CM4F/port.o
                0x000009ac                xPortStartScheduler
 .text.vPortEnterCritical
                0x00000af0       0x60 ./freertos/freertos_kernel/portable/GCC/ARM_CM4F/port.o
                0x00000af0                vPortEnterCritical
 .text.vPortExitCritical
                0x00000b50       0x54 ./freertos/freertos_kernel/portable/GCC/ARM_CM4F/port.o
                0x00000b50                vPortExitCritical
 .text.SysTick_Handler
                0x00000ba4       0x44 ./freertos/freertos_kernel/portable/GCC/ARM_CM4F/port.o
                0x00000ba4                SysTick_Handler
 .text.vPortSetupTimerInterrupt
                0x00000be8       0x48 ./freertos/freertos_kernel/portable/GCC/ARM_CM4F/port.o
                0x00000be8                vPortSetupTimerInterrupt
 .text.vPortEnableVFP
                0x00000c30       0x14 ./freertos/freertos_kernel/portable/GCC/ARM_CM4F/port.o
 .text.vPortValidateInterruptPriority
                0x00000c44       0x80 ./freertos/freertos_kernel/portable/GCC/ARM_CM4F/port.o
                0x00000c44                vPortValidateInterruptPriority
 .text.xQueueGenericReset
                0x00000cc4       0xd0 ./freertos/freertos_kernel/queue.o
                0x00000cc4                xQueueGenericReset
 .text.xQueueGenericSend
                0x00000d94      0x1fc ./freertos/freertos_kernel/queue.o
                0x00000d94                xQueueGenericSend
 .text.xQueueReceive
                0x00000f90      0x1c0 ./freertos/freertos_kernel/queue.o
                0x00000f90                xQueueReceive
 .text.vQueueAddToRegistry
                0x00001150       0x54 ./freertos/freertos_kernel/queue.o
                0x00001150                vQueueAddToRegistry
 .text.prvAddNewTaskToReadyList
                0x000011a4       0xdc ./freertos/freertos_kernel/tasks.o
 .text.vTaskDelay
                0x00001280       0x68 ./freertos/freertos_kernel/tasks.o
                0x00001280                vTaskDelay
 .text.vTaskStartScheduler
                0x000012e8       0x9c ./freertos/freertos_kernel/tasks.o
                0x000012e8                vTaskStartScheduler
 .text.vTaskSuspendAll
                0x00001384       0x1c ./freertos/freertos_kernel/tasks.o
                0x00001384                vTaskSuspendAll
 .text.xTaskResumeAll
                0x000013a0      0x138 ./freertos/freertos_kernel/tasks.o
                0x000013a0                xTaskResumeAll
 .text.xTaskGetTickCount
                0x000014d8       0x20 ./freertos/freertos_kernel/tasks.o
                0x000014d8                xTaskGetTickCount
 .text.xTaskIncrementTick
                0x000014f8      0x154 ./freertos/freertos_kernel/tasks.o
                0x000014f8                xTaskIncrementTick
 .text.vTaskSwitchContext
                0x0000164c       0xb8 ./freertos/freertos_kernel/tasks.o
                0x0000164c                vTaskSwitchContext
 .text.vTaskPlaceOnEventList
                0x00001704       0x48 ./freertos/freertos_kernel/tasks.o
                0x00001704                vTaskPlaceOnEventList
 .text.vTaskPlaceOnEventListRestricted
                0x0000174c       0x58 ./freertos/freertos_kernel/tasks.o
                0x0000174c                vTaskPlaceOnEventListRestricted
 .text.xTaskRemoveFromEventList
                0x000017a4       0xc4 ./freertos/freertos_kernel/tasks.o
                0x000017a4                xTaskRemoveFromEventList
 .text.vTaskInternalSetTimeOutState
                0x00001868       0x2c ./freertos/freertos_kernel/tasks.o
                0x00001868                vTaskInternalSetTimeOutState
 .text.xTaskCheckForTimeOut
                0x00001894       0xc4 ./freertos/freertos_kernel/tasks.o
                0x00001894                xTaskCheckForTimeOut
 .text.vTaskMissedYield
                0x00001958       0x18 ./freertos/freertos_kernel/tasks.o
                0x00001958                vTaskMissedYield
 .text.prvIdleTask
                0x00001970       0x30 ./freertos/freertos_kernel/tasks.o
 .text.prvInitialiseTaskLists
                0x000019a0       0x80 ./freertos/freertos_kernel/tasks.o
 .text.prvCheckTasksWaitingTermination
                0x00001a20       0x5c ./freertos/freertos_kernel/tasks.o
 .text.prvResetNextTaskUnblockTime
                0x00001a7c       0x40 ./freertos/freertos_kernel/tasks.o
 .text.xTaskGetSchedulerState
                0x00001abc       0x3c ./freertos/freertos_kernel/tasks.o
                0x00001abc                xTaskGetSchedulerState
 .text.xTaskPriorityDisinherit
                0x00001af8      0x10c ./freertos/freertos_kernel/tasks.o
                0x00001af8                xTaskPriorityDisinherit
 .text.prvAddCurrentTaskToDelayedList
                0x00001c04       0xcc ./freertos/freertos_kernel/tasks.o
 .text.xTimerCreateTimerTask
                0x00001cd0       0x64 ./freertos/freertos_kernel/timers.o
                0x00001cd0                xTimerCreateTimerTask
 .text.xTimerGenericCommand
                0x00001d34       0x9c ./freertos/freertos_kernel/timers.o
                0x00001d34                xTimerGenericCommand
 .text.prvProcessExpiredTimer
                0x00001dd0       0x98 ./freertos/freertos_kernel/timers.o
 .text.prvProcessTimerOrBlockTask
                0x00001e68       0x9c ./freertos/freertos_kernel/timers.o
 .text.prvGetNextExpireTime
                0x00001f04       0x48 ./freertos/freertos_kernel/timers.o
 .text.prvSampleTimeNow
                0x00001f4c       0x40 ./freertos/freertos_kernel/timers.o
 .text.prvInsertTimerInActiveList
                0x00001f8c       0x84 ./freertos/freertos_kernel/timers.o
 .text.prvProcessReceivedCommands
                0x00002010      0x1c4 ./freertos/freertos_kernel/timers.o
 .text.prvSwitchTimerLists
                0x000021d4       0xc8 ./freertos/freertos_kernel/timers.o
 .text.prvCheckForValidListAndQueue
                0x0000229c       0x6c ./freertos/freertos_kernel/timers.o
 .text.UART0_DriverIRQHandler
                0x00002308       0x28 ./drivers/fsl_uart.o
                0x00002308                UART0_DriverIRQHandler
 .text.UART1_DriverIRQHandler
                0x00002330       0x28 ./drivers/fsl_uart.o
                0x00002330                UART1_DriverIRQHandler
 .text.UART2_DriverIRQHandler
                0x00002358       0x28 ./drivers/fsl_uart.o
                0x00002358                UART2_DriverIRQHandler
 .text.UART3_DriverIRQHandler
                0x00002380       0x28 ./drivers/fsl_uart.o
                0x00002380                UART3_DriverIRQHandler
 .text.UART4_DriverIRQHandler
                0x000023a8       0x28 ./drivers/fsl_uart.o
                0x000023a8                UART4_DriverIRQHandler
 .text.SystemInit
                0x000023d0       0x3c ./device/system_MK66F18.o
                0x000023d0                SystemInit
 .text.SystemCoreClockUpdate
                0x0000240c      0x324 ./device/system_MK66F18.o
                0x0000240c                SystemCoreClockUpdate
 .text.__sys_appexit
                0x00002730        0xc c:/nxp/mcuxpressoide_11.3.0_5222/ide/plugins/com.nxp.mcuxpresso.tools.win32_11.3.0.202008311133/tools/bin/../lib/gcc/arm-none-eabi/9.3.1/../../../../arm-none-eabi/lib/thumb/v7e-m+fp/hard\libcr_semihost_nf.a(__sys_appexit.o)
                0x00002730                __sys_appexit
                0x00002730                __exit
 .text._Cwritebuf
                0x0000273c       0x6c c:/nxp/mcuxpressoide_11.3.0_5222/ide/plugins/com.nxp.mcuxpresso.tools.win32_11.3.0.202008311133/tools/bin/../lib/gcc/arm-none-eabi/9.3.1/../../../../arm-none-eabi/lib/thumb/v7e-m+fp/hard\libcr_c.a(_writebuf.o)
                0x0000273c                _Cwritebuf
 .text.malloc   0x000027a8       0xc8 c:/nxp/mcuxpressoide_11.3.0_5222/ide/plugins/com.nxp.mcuxpresso.tools.win32_11.3.0.202008311133/tools/bin/../lib/gcc/arm-none-eabi/9.3.1/../../../../arm-none-eabi/lib/thumb/v7e-m+fp/hard\libcr_c.a(alloc.o)
                0x000027a8                malloc
 .text._Csys_alloc
                0x00002870       0x20 c:/nxp/mcuxpressoide_11.3.0_5222/ide/plugins/com.nxp.mcuxpresso.tools.win32_11.3.0.202008311133/tools/bin/../lib/gcc/arm-none-eabi/9.3.1/../../../../arm-none-eabi/lib/thumb/v7e-m+fp/hard\libcr_c.a(alloc.o)
                0x00002870                _Csys_alloc
 .text.fseek    0x00002890      0x100 c:/nxp/mcuxpressoide_11.3.0_5222/ide/plugins/com.nxp.mcuxpresso.tools.win32_11.3.0.202008311133/tools/bin/../lib/gcc/arm-none-eabi/9.3.1/../../../../arm-none-eabi/lib/thumb/v7e-m+fp/hard\libcr_c.a(fseek.o)
                0x00002890                fseek
 .text.ftell    0x00002990       0x44 c:/nxp/mcuxpressoide_11.3.0_5222/ide/plugins/com.nxp.mcuxpresso.tools.win32_11.3.0.202008311133/tools/bin/../lib/gcc/arm-none-eabi/9.3.1/../../../../arm-none-eabi/lib/thumb/v7e-m+fp/hard\libcr_c.a(ftell.o)
                0x00002990                ftell
 .text._initio  0x000029d4       0x78 c:/nxp/mcuxpressoide_11.3.0_5222/ide/plugins/com.nxp.mcuxpresso.tools.win32_11.3.0.202008311133/tools/bin/../lib/gcc/arm-none-eabi/9.3.1/../../../../arm-none-eabi/lib/thumb/v7e-m+fp/hard\libcr_c.a(initio.o)
                0x000029d4                _initio
 .text.__vfprintf
                0x00002a4c      0xce8 c:/nxp/mcuxpressoide_11.3.0_5222/ide/plugins/com.nxp.mcuxpresso.tools.win32_11.3.0.202008311133/tools/bin/../lib/gcc/arm-none-eabi/9.3.1/../../../../arm-none-eabi/lib/thumb/v7e-m+fp/hard\libcr_c.a(printf.o)
                0x00002a4c                __vfprintf
 .text._vsnprintf
                0x00003734       0x68 c:/nxp/mcuxpressoide_11.3.0_5222/ide/plugins/com.nxp.mcuxpresso.tools.win32_11.3.0.202008311133/tools/bin/../lib/gcc/arm-none-eabi/9.3.1/../../../../arm-none-eabi/lib/thumb/v7e-m+fp/hard\libcr_c.a(printf.o)
                0x00003734                _vsnprintf
 .text._printf  0x0000379c       0x54 c:/nxp/mcuxpressoide_11.3.0_5222/ide/plugins/com.nxp.mcuxpresso.tools.win32_11.3.0.202008311133/tools/bin/../lib/gcc/arm-none-eabi/9.3.1/../../../../arm-none-eabi/lib/thumb/v7e-m+fp/hard\libcr_c.a(printf.o)
                0x0000379c                _printf
 .text._sbrk    0x000037f0       0x3c c:/nxp/mcuxpressoide_11.3.0_5222/ide/plugins/com.nxp.mcuxpresso.tools.win32_11.3.0.202008311133/tools/bin/../lib/gcc/arm-none-eabi/9.3.1/../../../../arm-none-eabi/lib/thumb/v7e-m+fp/hard\libcr_c.a(_cr_sbrk.o)
                0x000037f0                _sbrk
 .text.fflush   0x0000382c       0x44 c:/nxp/mcuxpressoide_11.3.0_5222/ide/plugins/com.nxp.mcuxpresso.tools.win32_11.3.0.202008311133/tools/bin/../lib/gcc/arm-none-eabi/9.3.1/../../../../arm-none-eabi/lib/thumb/v7e-m+fp/hard\libcr_c.a(fflush.o)
                0x0000382c                fflush
 .text.__check_heap_overflow
                0x00003870       0x18 c:/nxp/mcuxpressoide_11.3.0_5222/ide/plugins/com.nxp.mcuxpresso.tools.win32_11.3.0.202008311133/tools/bin/../lib/gcc/arm-none-eabi/9.3.1/../../../../arm-none-eabi/lib/thumb/v7e-m+fp/hard\libcr_c.a(_cr_check_heap.o)
                0x00003870                __check_heap_overflow
 .text.DMA0_DMA16_IRQHandler
                0x00003888        0x8 ./startup/startup_mk66f18.o
                0x00003888                DMA0_DMA16_IRQHandler
 .text.DMA1_DMA17_IRQHandler
                0x00003890        0x8 ./startup/startup_mk66f18.o
                0x00003890                DMA1_DMA17_IRQHandler
 .text.DMA2_DMA18_IRQHandler
                0x00003898        0x8 ./startup/startup_mk66f18.o
                0x00003898                DMA2_DMA18_IRQHandler
 .text.DMA3_DMA19_IRQHandler
                0x000038a0        0x8 ./startup/startup_mk66f18.o
                0x000038a0                DMA3_DMA19_IRQHandler
 .text.DMA4_DMA20_IRQHandler
                0x000038a8        0x8 ./startup/startup_mk66f18.o
                0x000038a8                DMA4_DMA20_IRQHandler
 .text.DMA5_DMA21_IRQHandler
                0x000038b0        0x8 ./startup/startup_mk66f18.o
                0x000038b0                DMA5_DMA21_IRQHandler
 .text.DMA6_DMA22_IRQHandler
                0x000038b8        0x8 ./startup/startup_mk66f18.o
                0x000038b8                DMA6_DMA22_IRQHandler
 .text.DMA7_DMA23_IRQHandler
                0x000038c0        0x8 ./startup/startup_mk66f18.o
                0x000038c0                DMA7_DMA23_IRQHandler
 .text.DMA8_DMA24_IRQHandler
                0x000038c8        0x8 ./startup/startup_mk66f18.o
                0x000038c8                DMA8_DMA24_IRQHandler
 .text.DMA9_DMA25_IRQHandler
                0x000038d0        0x8 ./startup/startup_mk66f18.o
                0x000038d0                DMA9_DMA25_IRQHandler
 .text.DMA10_DMA26_IRQHandler
                0x000038d8        0x8 ./startup/startup_mk66f18.o
                0x000038d8                DMA10_DMA26_IRQHandler
 .text.DMA11_DMA27_IRQHandler
                0x000038e0        0x8 ./startup/startup_mk66f18.o
                0x000038e0                DMA11_DMA27_IRQHandler
 .text.DMA12_DMA28_IRQHandler
                0x000038e8        0x8 ./startup/startup_mk66f18.o
                0x000038e8                DMA12_DMA28_IRQHandler
 .text.DMA13_DMA29_IRQHandler
                0x000038f0        0x8 ./startup/startup_mk66f18.o
                0x000038f0                DMA13_DMA29_IRQHandler
 .text.DMA14_DMA30_IRQHandler
                0x000038f8        0x8 ./startup/startup_mk66f18.o
                0x000038f8                DMA14_DMA30_IRQHandler
 .text.DMA15_DMA31_IRQHandler
                0x00003900        0x8 ./startup/startup_mk66f18.o
                0x00003900                DMA15_DMA31_IRQHandler
 .text.DMA_Error_IRQHandler
                0x00003908        0x8 ./startup/startup_mk66f18.o
                0x00003908                DMA_Error_IRQHandler
 .text.MCM_IRQHandler
                0x00003910        0x8 ./startup/startup_mk66f18.o
                0x00003910                MCM_IRQHandler
 .text.FTFE_IRQHandler
                0x00003918        0x8 ./startup/startup_mk66f18.o
                0x00003918                FTFE_IRQHandler
 .text.Read_Collision_IRQHandler
                0x00003920        0x8 ./startup/startup_mk66f18.o
                0x00003920                Read_Collision_IRQHandler
 .text.LVD_LVW_IRQHandler
                0x00003928        0x8 ./startup/startup_mk66f18.o
                0x00003928                LVD_LVW_IRQHandler
 .text.LLWU_IRQHandler
                0x00003930        0x8 ./startup/startup_mk66f18.o
                0x00003930                LLWU_IRQHandler
 .text.WDOG_EWM_IRQHandler
                0x00003938        0x8 ./startup/startup_mk66f18.o
                0x00003938                WDOG_EWM_IRQHandler
 .text.RNG_IRQHandler
                0x00003940        0x8 ./startup/startup_mk66f18.o
                0x00003940                RNG_IRQHandler
 .text.I2C0_IRQHandler
                0x00003948        0x8 ./startup/startup_mk66f18.o
                0x00003948                I2C0_IRQHandler
 .text.I2C1_IRQHandler
                0x00003950        0x8 ./startup/startup_mk66f18.o
                0x00003950                I2C1_IRQHandler
 .text.SPI0_IRQHandler
                0x00003958        0x8 ./startup/startup_mk66f18.o
                0x00003958                SPI0_IRQHandler
 .text.SPI1_IRQHandler
                0x00003960        0x8 ./startup/startup_mk66f18.o
                0x00003960                SPI1_IRQHandler
 .text.I2S0_Tx_IRQHandler
                0x00003968        0x8 ./startup/startup_mk66f18.o
                0x00003968                I2S0_Tx_IRQHandler
 .text.I2S0_Rx_IRQHandler
                0x00003970        0x8 ./startup/startup_mk66f18.o
                0x00003970                I2S0_Rx_IRQHandler
 .text.Reserved46_IRQHandler
                0x00003978        0x8 ./startup/startup_mk66f18.o
                0x00003978                Reserved46_IRQHandler
 .text.UART0_RX_TX_IRQHandler
                0x00003980        0x8 ./startup/startup_mk66f18.o
                0x00003980                UART0_RX_TX_IRQHandler
 .text.UART0_ERR_IRQHandler
                0x00003988        0x8 ./startup/startup_mk66f18.o
                0x00003988                UART0_ERR_IRQHandler
 .text.UART1_RX_TX_IRQHandler
                0x00003990        0x8 ./startup/startup_mk66f18.o
                0x00003990                UART1_RX_TX_IRQHandler
 .text.UART1_ERR_IRQHandler
                0x00003998        0x8 ./startup/startup_mk66f18.o
                0x00003998                UART1_ERR_IRQHandler
 .text.UART2_RX_TX_IRQHandler
                0x000039a0        0x8 ./startup/startup_mk66f18.o
                0x000039a0                UART2_RX_TX_IRQHandler
 .text.UART2_ERR_IRQHandler
                0x000039a8        0x8 ./startup/startup_mk66f18.o
                0x000039a8                UART2_ERR_IRQHandler
 .text.UART3_RX_TX_IRQHandler
                0x000039b0        0x8 ./startup/startup_mk66f18.o
                0x000039b0                UART3_RX_TX_IRQHandler
 .text.UART3_ERR_IRQHandler
                0x000039b8        0x8 ./startup/startup_mk66f18.o
                0x000039b8                UART3_ERR_IRQHandler
 .text.ADC0_IRQHandler
                0x000039c0        0x8 ./startup/startup_mk66f18.o
                0x000039c0                ADC0_IRQHandler
 .text.CMP0_IRQHandler
                0x000039c8        0x8 ./startup/startup_mk66f18.o
                0x000039c8                CMP0_IRQHandler
 .text.CMP1_IRQHandler
                0x000039d0        0x8 ./startup/startup_mk66f18.o
                0x000039d0                CMP1_IRQHandler
 .text.FTM0_IRQHandler
                0x000039d8        0x8 ./startup/startup_mk66f18.o
                0x000039d8                FTM0_IRQHandler
 .text.FTM1_IRQHandler
                0x000039e0        0x8 ./startup/startup_mk66f18.o
                0x000039e0                FTM1_IRQHandler
 .text.FTM2_IRQHandler
                0x000039e8        0x8 ./startup/startup_mk66f18.o
                0x000039e8                FTM2_IRQHandler
 .text.CMT_IRQHandler
                0x000039f0        0x8 ./startup/startup_mk66f18.o
                0x000039f0                CMT_IRQHandler
 .text.RTC_IRQHandler
                0x000039f8        0x8 ./startup/startup_mk66f18.o
                0x000039f8                RTC_IRQHandler
 .text.RTC_Seconds_IRQHandler
                0x00003a00        0x8 ./startup/startup_mk66f18.o
                0x00003a00                RTC_Seconds_IRQHandler
 .text.PIT0_IRQHandler
                0x00003a08        0x8 ./startup/startup_mk66f18.o
                0x00003a08                PIT0_IRQHandler
 .text.PIT1_IRQHandler
                0x00003a10        0x8 ./startup/startup_mk66f18.o
                0x00003a10                PIT1_IRQHandler
 .text.PIT2_IRQHandler
                0x00003a18        0x8 ./startup/startup_mk66f18.o
                0x00003a18                PIT2_IRQHandler
 .text.PIT3_IRQHandler
                0x00003a20        0x8 ./startup/startup_mk66f18.o
                0x00003a20                PIT3_IRQHandler
 .text.PDB0_IRQHandler
                0x00003a28        0x8 ./startup/startup_mk66f18.o
                0x00003a28                PDB0_IRQHandler
 .text.USB0_IRQHandler
                0x00003a30        0x8 ./startup/startup_mk66f18.o
                0x00003a30                USB0_IRQHandler
 .text.USBDCD_IRQHandler
                0x00003a38        0x8 ./startup/startup_mk66f18.o
                0x00003a38                USBDCD_IRQHandler
 .text.Reserved71_IRQHandler
                0x00003a40        0x8 ./startup/startup_mk66f18.o
                0x00003a40                Reserved71_IRQHandler
 .text.DAC0_IRQHandler
                0x00003a48        0x8 ./startup/startup_mk66f18.o
                0x00003a48                DAC0_IRQHandler
 .text.MCG_IRQHandler
                0x00003a50        0x8 ./startup/startup_mk66f18.o
                0x00003a50                MCG_IRQHandler
 .text.LPTMR0_IRQHandler
                0x00003a58        0x8 ./startup/startup_mk66f18.o
                0x00003a58                LPTMR0_IRQHandler
 .text.PORTA_IRQHandler
                0x00003a60        0x8 ./startup/startup_mk66f18.o
                0x00003a60                PORTA_IRQHandler
 .text.PORTB_IRQHandler
                0x00003a68        0x8 ./startup/startup_mk66f18.o
                0x00003a68                PORTB_IRQHandler
 .text.PORTC_IRQHandler
                0x00003a70        0x8 ./startup/startup_mk66f18.o
                0x00003a70                PORTC_IRQHandler
 .text.PORTD_IRQHandler
                0x00003a78        0x8 ./startup/startup_mk66f18.o
                0x00003a78                PORTD_IRQHandler
 .text.PORTE_IRQHandler
                0x00003a80        0x8 ./startup/startup_mk66f18.o
                0x00003a80                PORTE_IRQHandler
 .text.SWI_IRQHandler
                0x00003a88        0x8 ./startup/startup_mk66f18.o
                0x00003a88                SWI_IRQHandler
 .text.SPI2_IRQHandler
                0x00003a90        0x8 ./startup/startup_mk66f18.o
                0x00003a90                SPI2_IRQHandler
 .text.UART4_RX_TX_IRQHandler
                0x00003a98        0x8 ./startup/startup_mk66f18.o
                0x00003a98                UART4_RX_TX_IRQHandler
 .text.UART4_ERR_IRQHandler
                0x00003aa0        0x8 ./startup/startup_mk66f18.o
                0x00003aa0                UART4_ERR_IRQHandler
 .text.Reserved84_IRQHandler
                0x00003aa8        0x8 ./startup/startup_mk66f18.o
                0x00003aa8                Reserved84_IRQHandler
 .text.Reserved85_IRQHandler
                0x00003ab0        0x8 ./startup/startup_mk66f18.o
                0x00003ab0                Reserved85_IRQHandler
 .text.CMP2_IRQHandler
                0x00003ab8        0x8 ./startup/startup_mk66f18.o
                0x00003ab8                CMP2_IRQHandler
 .text.FTM3_IRQHandler
                0x00003ac0        0x8 ./startup/startup_mk66f18.o
                0x00003ac0                FTM3_IRQHandler
 .text.DAC1_IRQHandler
                0x00003ac8        0x8 ./startup/startup_mk66f18.o
                0x00003ac8                DAC1_IRQHandler
 .text.ADC1_IRQHandler
                0x00003ad0        0x8 ./startup/startup_mk66f18.o
                0x00003ad0                ADC1_IRQHandler
 .text.I2C2_IRQHandler
                0x00003ad8        0x8 ./startup/startup_mk66f18.o
                0x00003ad8                I2C2_IRQHandler
 .text.CAN0_ORed_Message_buffer_IRQHandler
                0x00003ae0        0x8 ./startup/startup_mk66f18.o
                0x00003ae0                CAN0_ORed_Message_buffer_IRQHandler
 .text.CAN0_Bus_Off_IRQHandler
                0x00003ae8        0x8 ./startup/startup_mk66f18.o
                0x00003ae8                CAN0_Bus_Off_IRQHandler
 .text.CAN0_Error_IRQHandler
                0x00003af0        0x8 ./startup/startup_mk66f18.o
                0x00003af0                CAN0_Error_IRQHandler
 .text.CAN0_Tx_Warning_IRQHandler
                0x00003af8        0x8 ./startup/startup_mk66f18.o
                0x00003af8                CAN0_Tx_Warning_IRQHandler
 .text.CAN0_Rx_Warning_IRQHandler
                0x00003b00        0x8 ./startup/startup_mk66f18.o
                0x00003b00                CAN0_Rx_Warning_IRQHandler
 .text.CAN0_Wake_Up_IRQHandler
                0x00003b08        0x8 ./startup/startup_mk66f18.o
                0x00003b08                CAN0_Wake_Up_IRQHandler
 .text.SDHC_IRQHandler
                0x00003b10        0x8 ./startup/startup_mk66f18.o
                0x00003b10                SDHC_IRQHandler
 .text.ENET_1588_Timer_IRQHandler
                0x00003b18        0x8 ./startup/startup_mk66f18.o
                0x00003b18                ENET_1588_Timer_IRQHandler
 .text.ENET_Transmit_IRQHandler
                0x00003b20        0x8 ./startup/startup_mk66f18.o
                0x00003b20                ENET_Transmit_IRQHandler
 .text.ENET_Receive_IRQHandler
                0x00003b28        0x8 ./startup/startup_mk66f18.o
                0x00003b28                ENET_Receive_IRQHandler
 .text.ENET_Error_IRQHandler
                0x00003b30        0x8 ./startup/startup_mk66f18.o
                0x00003b30                ENET_Error_IRQHandler
 .text.LPUART0_IRQHandler
                0x00003b38        0x8 ./startup/startup_mk66f18.o
                0x00003b38                LPUART0_IRQHandler
 .text.TSI0_IRQHandler
                0x00003b40        0x8 ./startup/startup_mk66f18.o
                0x00003b40                TSI0_IRQHandler
 .text.TPM1_IRQHandler
                0x00003b48        0x8 ./startup/startup_mk66f18.o
                0x00003b48                TPM1_IRQHandler
 .text.TPM2_IRQHandler
                0x00003b50        0x8 ./startup/startup_mk66f18.o
                0x00003b50                TPM2_IRQHandler
 .text.USBHSDCD_IRQHandler
                0x00003b58        0x8 ./startup/startup_mk66f18.o
                0x00003b58                USBHSDCD_IRQHandler
 .text.I2C3_IRQHandler
                0x00003b60        0x8 ./startup/startup_mk66f18.o
                0x00003b60                I2C3_IRQHandler
 .text.CMP3_IRQHandler
                0x00003b68        0x8 ./startup/startup_mk66f18.o
                0x00003b68                CMP3_IRQHandler
 .text.USBHS_IRQHandler
                0x00003b70        0x8 ./startup/startup_mk66f18.o
                0x00003b70                USBHS_IRQHandler
 .text.CAN1_ORed_Message_buffer_IRQHandler
                0x00003b78        0x8 ./startup/startup_mk66f18.o
                0x00003b78                CAN1_ORed_Message_buffer_IRQHandler
 .text.CAN1_Bus_Off_IRQHandler
                0x00003b80        0x8 ./startup/startup_mk66f18.o
                0x00003b80                CAN1_Bus_Off_IRQHandler
 .text.CAN1_Error_IRQHandler
                0x00003b88        0x8 ./startup/startup_mk66f18.o
                0x00003b88                CAN1_Error_IRQHandler
 .text.CAN1_Tx_Warning_IRQHandler
                0x00003b90        0x8 ./startup/startup_mk66f18.o
                0x00003b90                CAN1_Tx_Warning_IRQHandler
 .text.CAN1_Rx_Warning_IRQHandler
                0x00003b98        0x8 ./startup/startup_mk66f18.o
                0x00003b98                CAN1_Rx_Warning_IRQHandler
 .text.CAN1_Wake_Up_IRQHandler
                0x00003ba0        0x8 ./startup/startup_mk66f18.o
                0x00003ba0                CAN1_Wake_Up_IRQHandler
 .text.blinkTask
                0x00003ba8       0x10 ./source/WB-CAN-Firmware.o
 .text.HardFault_Handler
                0x00003bb8       0x2c ./source/semihost_hardfault.o
                0x00003bb8                HardFault_Handler
 .text.vListInitialise
                0x00003be4       0x40 ./freertos/freertos_kernel/list.o
                0x00003be4                vListInitialise
 .text.vListInitialiseItem
                0x00003c24       0x1a ./freertos/freertos_kernel/list.o
                0x00003c24                vListInitialiseItem
 .text.vListInsertEnd
                0x00003c3e       0x48 ./freertos/freertos_kernel/list.o
                0x00003c3e                vListInsertEnd
 .text.vListInsert
                0x00003c86       0x72 ./freertos/freertos_kernel/list.o
                0x00003c86                vListInsert
 .text.uxListRemove
                0x00003cf8       0x54 ./freertos/freertos_kernel/list.o
                0x00003cf8                uxListRemove
 .text.xQueueGenericCreate
                0x00003d4c       0x6c ./freertos/freertos_kernel/queue.o
                0x00003d4c                xQueueGenericCreate
 .text.prvInitialiseNewQueue
                0x00003db8       0x46 ./freertos/freertos_kernel/queue.o
 .text.xQueueGenericSendFromISR
                0x00003dfe      0x136 ./freertos/freertos_kernel/queue.o
                0x00003dfe                xQueueGenericSendFromISR
 .text.prvCopyDataToQueue
                0x00003f34       0xd4 ./freertos/freertos_kernel/queue.o
 .text.prvCopyDataFromQueue
                0x00004008       0x4c ./freertos/freertos_kernel/queue.o
 .text.prvUnlockQueue
                0x00004054       0xa4 ./freertos/freertos_kernel/queue.o
 .text.prvIsQueueEmpty
                0x000040f8       0x2c ./freertos/freertos_kernel/queue.o
 .text.prvIsQueueFull
                0x00004124       0x30 ./freertos/freertos_kernel/queue.o
 .text.vQueueWaitForMessageRestricted
                0x00004154       0x68 ./freertos/freertos_kernel/queue.o
                0x00004154                vQueueWaitForMessageRestricted
 .text.xTaskCreate
                0x000041bc       0x82 ./freertos/freertos_kernel/tasks.o
                0x000041bc                xTaskCreate
 .text.prvInitialiseNewTask
                0x0000423e      0x13c ./freertos/freertos_kernel/tasks.o
 .text.prvDeleteTCB
                0x0000437a       0x20 ./freertos/freertos_kernel/tasks.o
 .text.prvTimerTask
                0x0000439a       0x24 ./freertos/freertos_kernel/timers.o
 .text.UART0_RX_TX_DriverIRQHandler
                0x000043be       0x12 ./drivers/fsl_uart.o
                0x000043be                UART0_RX_TX_DriverIRQHandler
 .text.UART1_RX_TX_DriverIRQHandler
                0x000043d0       0x12 ./drivers/fsl_uart.o
                0x000043d0                UART1_RX_TX_DriverIRQHandler
 .text.UART2_RX_TX_DriverIRQHandler
                0x000043e2       0x12 ./drivers/fsl_uart.o
                0x000043e2                UART2_RX_TX_DriverIRQHandler
 .text.UART3_RX_TX_DriverIRQHandler
                0x000043f4       0x12 ./drivers/fsl_uart.o
                0x000043f4                UART3_RX_TX_DriverIRQHandler
 .text.UART4_RX_TX_DriverIRQHandler
                0x00004406       0x12 ./drivers/fsl_uart.o
                0x00004406                UART4_RX_TX_DriverIRQHandler
 .text.SystemInitHook
                0x00004418        0xe ./device/system_MK66F18.o
                0x00004418                SystemInitHook
 .text.BOARD_InitDebugConsole
                0x00004426        0xe ./board/board.o
                0x00004426                BOARD_InitDebugConsole
 .text.BOARD_InitBootClocks
                0x00004434        0xc ./board/clock_config.o
                0x00004434                BOARD_InitBootClocks
 .text.BOARD_InitBootPeripherals
                0x00004440        0xe ./board/peripherals.o
                0x00004440                BOARD_InitBootPeripherals
 .text.BOARD_InitBootPins
                0x0000444e        0xe ./board/pin_mux.o
                0x0000444e                BOARD_InitBootPins
 .text.__main   0x0000445c        0xe c:/nxp/mcuxpressoide_11.3.0_5222/ide/plugins/com.nxp.mcuxpresso.tools.win32_11.3.0.202008311133/tools/bin/../lib/gcc/arm-none-eabi/9.3.1/../../../../arm-none-eabi/lib/thumb/v7e-m+fp/hard\libcr_semihost_nf.a(_cr__main.o)
                0x0000445c                __CR_SEMIHOST
                0x0000445c                __main
 .text.memcpy   0x0000446a        0x4 c:/nxp/mcuxpressoide_11.3.0_5222/ide/plugins/com.nxp.mcuxpresso.tools.win32_11.3.0.202008311133/tools/bin/../lib/gcc/arm-none-eabi/9.3.1/../../../../arm-none-eabi/lib/thumb/v7e-m+fp/hard\libcr_c.a(memcpy.o)
                0x0000446a                memcpy
 .text.memset   0x0000446e        0x4 c:/nxp/mcuxpressoide_11.3.0_5222/ide/plugins/com.nxp.mcuxpresso.tools.win32_11.3.0.202008311133/tools/bin/../lib/gcc/arm-none-eabi/9.3.1/../../../../arm-none-eabi/lib/thumb/v7e-m+fp/hard\libcr_c.a(memset.o)
                0x0000446e                memset
 .text._deferredlazyseek
                0x00004472       0x40 c:/nxp/mcuxpressoide_11.3.0_5222/ide/plugins/com.nxp.mcuxpresso.tools.win32_11.3.0.202008311133/tools/bin/../lib/gcc/arm-none-eabi/9.3.1/../../../../arm-none-eabi/lib/thumb/v7e-m+fp/hard\libcr_c.a(_deferredlazyseek.o)
                0x00004472                _deferredlazyseek
 .text.__flsbuf
                0x000044b2      0x140 c:/nxp/mcuxpressoide_11.3.0_5222/ide/plugins/com.nxp.mcuxpresso.tools.win32_11.3.0.202008311133/tools/bin/../lib/gcc/arm-none-eabi/9.3.1/../../../../arm-none-eabi/lib/thumb/v7e-m+fp/hard\libcr_c.a(_deferredlazyseek.o)
                0x000044b2                __flsbuf
 .text._fflush  0x000045f2       0x52 c:/nxp/mcuxpressoide_11.3.0_5222/ide/plugins/com.nxp.mcuxpresso.tools.win32_11.3.0.202008311133/tools/bin/../lib/gcc/arm-none-eabi/9.3.1/../../../../arm-none-eabi/lib/thumb/v7e-m+fp/hard\libcr_c.a(_fflush.o)
                0x000045f2                _fflush
 .text.free     0x00004644       0x30 c:/nxp/mcuxpressoide_11.3.0_5222/ide/plugins/com.nxp.mcuxpresso.tools.win32_11.3.0.202008311133/tools/bin/../lib/gcc/arm-none-eabi/9.3.1/../../../../arm-none-eabi/lib/thumb/v7e-m+fp/hard\libcr_c.a(alloc.o)
                0x00004644                free
 .text.no_fp_display
                0x00004674        0x4 c:/nxp/mcuxpressoide_11.3.0_5222/ide/plugins/com.nxp.mcuxpresso.tools.win32_11.3.0.202008311133/tools/bin/../lib/gcc/arm-none-eabi/9.3.1/../../../../arm-none-eabi/lib/thumb/v7e-m+fp/hard\libcr_c.a(printf.o)
 .text.setvbuf  0x00004678       0x3e c:/nxp/mcuxpressoide_11.3.0_5222/ide/plugins/com.nxp.mcuxpresso.tools.win32_11.3.0.202008311133/tools/bin/../lib/gcc/arm-none-eabi/9.3.1/../../../../arm-none-eabi/lib/thumb/v7e-m+fp/hard\libcr_c.a(setvbuf.o)
                0x00004678                setvbuf
 .text.strlen   0x000046b6       0x4c c:/nxp/mcuxpressoide_11.3.0_5222/ide/plugins/com.nxp.mcuxpresso.tools.win32_11.3.0.202008311133/tools/bin/../lib/gcc/arm-none-eabi/9.3.1/../../../../arm-none-eabi/lib/thumb/v7e-m+fp/hard\libcr_c.a(strlen.o)
                0x000046b6                strlen
 .text._fdopen  0x00004702       0x68 c:/nxp/mcuxpressoide_11.3.0_5222/ide/plugins/com.nxp.mcuxpresso.tools.win32_11.3.0.202008311133/tools/bin/../lib/gcc/arm-none-eabi/9.3.1/../../../../arm-none-eabi/lib/thumb/v7e-m+fp/hard\libcr_c.a(_fdopen.o)
                0x00004702                _fdopen
 .text.fclose   0x0000476a       0x58 c:/nxp/mcuxpressoide_11.3.0_5222/ide/plugins/com.nxp.mcuxpresso.tools.win32_11.3.0.202008311133/tools/bin/../lib/gcc/arm-none-eabi/9.3.1/../../../../arm-none-eabi/lib/thumb/v7e-m+fp/hard\libcr_c.a(fclose.o)
                0x0000476a                fclose
 .text.remove   0x000047c2       0x14 c:/nxp/mcuxpressoide_11.3.0_5222/ide/plugins/com.nxp.mcuxpresso.tools.win32_11.3.0.202008311133/tools/bin/../lib/gcc/arm-none-eabi/9.3.1/../../../../arm-none-eabi/lib/thumb/v7e-m+fp/hard\libcr_c.a(remove.o)
                0x000047c2                remove
 .text._do_fflush
                0x000047d6       0x40 c:/nxp/mcuxpressoide_11.3.0_5222/ide/plugins/com.nxp.mcuxpresso.tools.win32_11.3.0.202008311133/tools/bin/../lib/gcc/arm-none-eabi/9.3.1/../../../../arm-none-eabi/lib/thumb/v7e-m+fp/hard\libcr_c.a(_do_fflush.o)
                0x000047d6                _do_fflush
 .text.__aeabi_memcpy
                0x00004816       0x34 c:/nxp/mcuxpressoide_11.3.0_5222/ide/plugins/com.nxp.mcuxpresso.tools.win32_11.3.0.202008311133/tools/bin/../lib/gcc/arm-none-eabi/9.3.1/thumb/v7e-m+fp/hard\libcr_eabihelpers.a(memcpy.o)
                0x00004816                __aeabi_memcpy
                0x00004820                __aeabi_memcpy8
                0x00004820                __aeabi_memcpy4
 .text.__aeabi_memset_lowlevel
                0x0000484a       0x32 c:/nxp/mcuxpressoide_11.3.0_5222/ide/plugins/com.nxp.mcuxpresso.tools.win32_11.3.0.202008311133/tools/bin/../lib/gcc/arm-none-eabi/9.3.1/thumb/v7e-m+fp/hard\libcr_eabihelpers.a(memcpy.o)
                0x0000484a                __aeabi_lowlevel_memset
 .text.__sys_close
                0x0000487c        0xc c:/nxp/mcuxpressoide_11.3.0_5222/ide/plugins/com.nxp.mcuxpresso.tools.win32_11.3.0.202008311133/tools/bin/../lib/gcc/arm-none-eabi/9.3.1/../../../../arm-none-eabi/lib/thumb/v7e-m+fp/hard\libcr_semihost_nf.a(__sys_close.o)
                0x0000487c                __sys_close
 .text.__sys_flen
                0x00004888        0xc c:/nxp/mcuxpressoide_11.3.0_5222/ide/plugins/com.nxp.mcuxpresso.tools.win32_11.3.0.202008311133/tools/bin/../lib/gcc/arm-none-eabi/9.3.1/../../../../arm-none-eabi/lib/thumb/v7e-m+fp/hard\libcr_semihost_nf.a(__sys_flen.o)
                0x00004888                __sys_flen
 .text.__sys_istty
                0x00004894        0xc c:/nxp/mcuxpressoide_11.3.0_5222/ide/plugins/com.nxp.mcuxpresso.tools.win32_11.3.0.202008311133/tools/bin/../lib/gcc/arm-none-eabi/9.3.1/../../../../arm-none-eabi/lib/thumb/v7e-m+fp/hard\libcr_semihost_nf.a(__sys_istty.o)
                0x00004894                __sys_istty
 .text.__sys_remove
                0x000048a0        0xc c:/nxp/mcuxpressoide_11.3.0_5222/ide/plugins/com.nxp.mcuxpresso.tools.win32_11.3.0.202008311133/tools/bin/../lib/gcc/arm-none-eabi/9.3.1/../../../../arm-none-eabi/lib/thumb/v7e-m+fp/hard\libcr_semihost_nf.a(__sys_remove.o)
                0x000048a0                __sys_remove
 .text.__sys_seek
                0x000048ac        0xc c:/nxp/mcuxpressoide_11.3.0_5222/ide/plugins/com.nxp.mcuxpresso.tools.win32_11.3.0.202008311133/tools/bin/../lib/gcc/arm-none-eabi/9.3.1/../../../../arm-none-eabi/lib/thumb/v7e-m+fp/hard\libcr_semihost_nf.a(__sys_seek.o)
                0x000048ac                __sys_seek
 .text.__sys_tmpnam
                0x000048b8        0xc c:/nxp/mcuxpressoide_11.3.0_5222/ide/plugins/com.nxp.mcuxpresso.tools.win32_11.3.0.202008311133/tools/bin/../lib/gcc/arm-none-eabi/9.3.1/../../../../arm-none-eabi/lib/thumb/v7e-m+fp/hard\libcr_semihost_nf.a(__sys_tmpnam.o)
                0x000048b8                __sys_tmpnam
 .text.__sys_write
                0x000048c4        0xc c:/nxp/mcuxpressoide_11.3.0_5222/ide/plugins/com.nxp.mcuxpresso.tools.win32_11.3.0.202008311133/tools/bin/../lib/gcc/arm-none-eabi/9.3.1/../../../../arm-none-eabi/lib/thumb/v7e-m+fp/hard\libcr_semihost_nf.a(__sys_write.o)
                0x000048c4                __sys_write
 *freertos*/tasks.o(SORT_BY_ALIGNMENT(.rodata*))
 .rodata.vTaskStartScheduler.str1.4
                0x000048d0        0x5 ./freertos/freertos_kernel/tasks.o
 *(SORT_BY_ALIGNMENT(.rodata) SORT_BY_ALIGNMENT(.rodata.*) SORT_BY_ALIGNMENT(.constdata) SORT_BY_ALIGNMENT(.constdata.*))
 *fill*         0x000048d5        0x3 ff
 .rodata.main.str1.4
                0x000048d8       0x1f ./source/WB-CAN-Firmware.o
 *fill*         0x000048f7        0x1 ff
 .rodata.xTimerCreateTimerTask.str1.4
                0x000048f8        0x8 ./freertos/freertos_kernel/timers.o
 .rodata.prvCheckForValidListAndQueue.str1.4
                0x00004900        0x5 ./freertos/freertos_kernel/timers.o
 *fill*         0x00004905        0x3 ff
 .rodata.__num_Ciob_streams
                0x00004908        0x4 c:/nxp/mcuxpressoide_11.3.0_5222/ide/plugins/com.nxp.mcuxpresso.tools.win32_11.3.0.202008311133/tools/bin/../lib/gcc/arm-none-eabi/9.3.1/../../../../arm-none-eabi/lib/thumb/v7e-m+fp/hard\libcr_semihost_nf.a(__ciob.o)
                0x00004908                __num_Ciob_streams
 .rodata._Csys_alloc.str1.1
                0x0000490c       0x18 c:/nxp/mcuxpressoide_11.3.0_5222/ide/plugins/com.nxp.mcuxpresso.tools.win32_11.3.0.202008311133/tools/bin/../lib/gcc/arm-none-eabi/9.3.1/../../../../arm-none-eabi/lib/thumb/v7e-m+fp/hard\libcr_c.a(alloc.o)
 .rodata._initio.str1.1
                0x00004924        0x4 c:/nxp/mcuxpressoide_11.3.0_5222/ide/plugins/com.nxp.mcuxpresso.tools.win32_11.3.0.202008311133/tools/bin/../lib/gcc/arm-none-eabi/9.3.1/../../../../arm-none-eabi/lib/thumb/v7e-m+fp/hard\libcr_c.a(initio.o)
 .rodata.__vfprintf.str1.1
                0x00004928       0x37 c:/nxp/mcuxpressoide_11.3.0_5222/ide/plugins/com.nxp.mcuxpresso.tools.win32_11.3.0.202008311133/tools/bin/../lib/gcc/arm-none-eabi/9.3.1/../../../../arm-none-eabi/lib/thumb/v7e-m+fp/hard\libcr_c.a(printf.o)
                                 0x38 (size before relaxing)
                0x00004960                . = ALIGN (0x8)
 *fill*         0x0000495f        0x1 ff

.glue_7         0x00004960        0x0
 .glue_7        0x00004960        0x0 linker stubs

.glue_7t        0x00004960        0x0
 .glue_7t       0x00004960        0x0 linker stubs

.vfp11_veneer   0x00004960        0x0
 .vfp11_veneer  0x00004960        0x0 linker stubs

.v4_bx          0x00004960        0x0
 .v4_bx         0x00004960        0x0 linker stubs

.iplt           0x00004960        0x0
 .iplt          0x00004960        0x0 ./startup/startup_mk66f18.o

.rel.dyn        0x00004960        0x0
 .rel.iplt      0x00004960        0x0 ./startup/startup_mk66f18.o

.ARM.extab
 *(SORT_BY_ALIGNMENT(.ARM.extab*) SORT_BY_ALIGNMENT(.gnu.linkonce.armextab.*))

.ARM.exidx      0x00004960        0x0
                0x00004960                __exidx_start = .
 *(SORT_BY_ALIGNMENT(.ARM.exidx*) SORT_BY_ALIGNMENT(.gnu.linkonce.armexidx.*))
                0x00004960                __exidx_end = .
                0x00004960                _etext = .

.m_usb_data
 *(SORT_BY_ALIGNMENT(m_usb_bdt))

.data_RAM2      0x1fff0000        0x0 load address 0x00004960
 FILL mask 0xff
                [!provide]                PROVIDE (__start_data_RAM2 = .)
                [!provide]                PROVIDE (__start_data_SRAM_LOWER = .)
 *(SORT_BY_ALIGNMENT(.ramfunc.$RAM2))
 *(SORT_BY_ALIGNMENT(.ramfunc.$SRAM_LOWER))
 *(SORT_BY_ALIGNMENT(.data.$RAM2))
 *(SORT_BY_ALIGNMENT(.data.$SRAM_LOWER))
 *(SORT_BY_ALIGNMENT(.data.$RAM2.*))
 *(SORT_BY_ALIGNMENT(.data.$SRAM_LOWER.*))
                0x1fff0000                . = ALIGN (0x8)
                [!provide]                PROVIDE (__end_data_RAM2 = .)
                [!provide]                PROVIDE (__end_data_SRAM_LOWER = .)

.data_RAM3      0x14000000        0x0 load address 0x00004960
 FILL mask 0xff
                [!provide]                PROVIDE (__start_data_RAM3 = .)
                [!provide]                PROVIDE (__start_data_FLEX_RAM = .)
 *(SORT_BY_ALIGNMENT(.ramfunc.$RAM3))
 *(SORT_BY_ALIGNMENT(.ramfunc.$FLEX_RAM))
 *(SORT_BY_ALIGNMENT(.data.$RAM3))
 *(SORT_BY_ALIGNMENT(.data.$FLEX_RAM))
 *(SORT_BY_ALIGNMENT(.data.$RAM3.*))
 *(SORT_BY_ALIGNMENT(.data.$FLEX_RAM.*))
                0x14000000                . = ALIGN (0x8)
                [!provide]                PROVIDE (__end_data_RAM3 = .)
                [!provide]                PROVIDE (__end_data_FLEX_RAM = .)

.uninit_RESERVED
                0x20000000        0x0
                0x20000000                _start_uninit_RESERVED = .
 *(SORT_BY_ALIGNMENT(.bss.$RESERVED*))
                0x20000000                . = ALIGN (0x8)
                0x20000000                _end_uninit_RESERVED = .

.data           0x20000000        0x8 load address 0x00004960
 FILL mask 0xff
                0x20000000                _data = .
                [!provide]                PROVIDE (__start_data_RAM = .)
                [!provide]                PROVIDE (__start_data_SRAM_UPPER = .)
 *(SORT_BY_ALIGNMENT(vtable))
 *(SORT_BY_ALIGNMENT(.ramfunc*))
 *(SORT_BY_ALIGNMENT(CodeQuickAccess))
 *(SORT_BY_ALIGNMENT(DataQuickAccess))
 *(SORT_BY_ALIGNMENT(RamFunction))
 *(SORT_BY_ALIGNMENT(.data*))
 .data.uxCriticalNesting
                0x20000000        0x4 ./freertos/freertos_kernel/portable/GCC/ARM_CM4F/port.o
 .data.SystemCoreClock
                0x20000004        0x4 ./device/system_MK66F18.o
                0x20000004                SystemCoreClock
                0x20000008                . = ALIGN (0x8)
                0x20000008                _edata = .
                [!provide]                PROVIDE (__end_data_RAM = .)
                [!provide]                PROVIDE (__end_data_SRAM_UPPER = .)

.igot.plt       0x20000008        0x0 load address 0x00004968
 .igot.plt      0x20000008        0x0 ./startup/startup_mk66f18.o

.bss_RAM2       0x1fff0000        0x0
                [!provide]                PROVIDE (__start_bss_RAM2 = .)
                [!provide]                PROVIDE (__start_bss_SRAM_LOWER = .)
 *(SORT_BY_ALIGNMENT(.bss.$RAM2))
 *(SORT_BY_ALIGNMENT(.bss.$SRAM_LOWER))
 *(SORT_BY_ALIGNMENT(.bss.$RAM2.*))
 *(SORT_BY_ALIGNMENT(.bss.$SRAM_LOWER.*))
                0x1fff0000                . = ALIGN ((. != 0x0)?0x8:0x1)
                [!provide]                PROVIDE (__end_bss_RAM2 = .)
                [!provide]                PROVIDE (__end_bss_SRAM_LOWER = .)

.bss_RAM3       0x14000000        0x0
                [!provide]                PROVIDE (__start_bss_RAM3 = .)
                [!provide]                PROVIDE (__start_bss_FLEX_RAM = .)
 *(SORT_BY_ALIGNMENT(.bss.$RAM3))
 *(SORT_BY_ALIGNMENT(.bss.$FLEX_RAM))
 *(SORT_BY_ALIGNMENT(.bss.$RAM3.*))
 *(SORT_BY_ALIGNMENT(.bss.$FLEX_RAM.*))
                0x14000000                . = ALIGN ((. != 0x0)?0x8:0x1)
                [!provide]                PROVIDE (__end_bss_RAM3 = .)
                [!provide]                PROVIDE (__end_bss_FLEX_RAM = .)

.bss            0x20000008     0x2a80
                0x20000008                _bss = .
                [!provide]                PROVIDE (__start_bss_RAM = .)
                [!provide]                PROVIDE (__start_bss_SRAM_UPPER = .)
 *(SORT_BY_ALIGNMENT(.bss*))
 .bss.ucHeap    0x20000008     0x2800 ./freertos/freertos_kernel/portable/MemMang/heap_4.o
 .bss.xStart    0x20002808        0x8 ./freertos/freertos_kernel/portable/MemMang/heap_4.o
 .bss.pxEnd     0x20002810        0x4 ./freertos/freertos_kernel/portable/MemMang/heap_4.o
 .bss.xFreeBytesRemaining
                0x20002814        0x4 ./freertos/freertos_kernel/portable/MemMang/heap_4.o
 .bss.xMinimumEverFreeBytesRemaining
                0x20002818        0x4 ./freertos/freertos_kernel/portable/MemMang/heap_4.o
 .bss.xNumberOfSuccessfulAllocations
                0x2000281c        0x4 ./freertos/freertos_kernel/portable/MemMang/heap_4.o
 .bss.xNumberOfSuccessfulFrees
                0x20002820        0x4 ./freertos/freertos_kernel/portable/MemMang/heap_4.o
 .bss.xBlockAllocatedBit
                0x20002824        0x4 ./freertos/freertos_kernel/portable/MemMang/heap_4.o
 .bss.ulMaxPRIGROUPValue
                0x20002828        0x4 ./freertos/freertos_kernel/portable/GCC/ARM_CM4F/port.o
 .bss.xQueueRegistry
                0x2000282c       0x40 ./freertos/freertos_kernel/queue.o
                0x2000282c                xQueueRegistry
 .bss.pxCurrentTCB
                0x2000286c        0x4 ./freertos/freertos_kernel/tasks.o
                0x2000286c                pxCurrentTCB
 .bss.pxReadyTasksLists
                0x20002870       0x64 ./freertos/freertos_kernel/tasks.o
 .bss.xDelayedTaskList1
                0x200028d4       0x14 ./freertos/freertos_kernel/tasks.o
 .bss.xDelayedTaskList2
                0x200028e8       0x14 ./freertos/freertos_kernel/tasks.o
 .bss.pxDelayedTaskList
                0x200028fc        0x4 ./freertos/freertos_kernel/tasks.o
 .bss.pxOverflowDelayedTaskList
                0x20002900        0x4 ./freertos/freertos_kernel/tasks.o
 .bss.xPendingReadyList
                0x20002904       0x14 ./freertos/freertos_kernel/tasks.o
 .bss.xTasksWaitingTermination
                0x20002918       0x14 ./freertos/freertos_kernel/tasks.o
 .bss.uxDeletedTasksWaitingCleanUp
                0x2000292c        0x4 ./freertos/freertos_kernel/tasks.o
 .bss.xSuspendedTaskList
                0x20002930       0x14 ./freertos/freertos_kernel/tasks.o
 .bss.uxCurrentNumberOfTasks
                0x20002944        0x4 ./freertos/freertos_kernel/tasks.o
 .bss.xTickCount
                0x20002948        0x4 ./freertos/freertos_kernel/tasks.o
 .bss.uxTopReadyPriority
                0x2000294c        0x4 ./freertos/freertos_kernel/tasks.o
 .bss.xSchedulerRunning
                0x20002950        0x4 ./freertos/freertos_kernel/tasks.o
 .bss.xPendedTicks
                0x20002954        0x4 ./freertos/freertos_kernel/tasks.o
 .bss.xYieldPending
                0x20002958        0x4 ./freertos/freertos_kernel/tasks.o
 .bss.xNumOfOverflows
                0x2000295c        0x4 ./freertos/freertos_kernel/tasks.o
 .bss.uxTaskNumber
                0x20002960        0x4 ./freertos/freertos_kernel/tasks.o
 .bss.xNextTaskUnblockTime
                0x20002964        0x4 ./freertos/freertos_kernel/tasks.o
 .bss.xIdleTaskHandle
                0x20002968        0x4 ./freertos/freertos_kernel/tasks.o
 .bss.uxSchedulerSuspended
                0x2000296c        0x4 ./freertos/freertos_kernel/tasks.o
 .bss.xActiveTimerList1
                0x20002970       0x14 ./freertos/freertos_kernel/timers.o
 .bss.xActiveTimerList2
                0x20002984       0x14 ./freertos/freertos_kernel/timers.o
 .bss.pxCurrentTimerList
                0x20002998        0x4 ./freertos/freertos_kernel/timers.o
 .bss.pxOverflowTimerList
                0x2000299c        0x4 ./freertos/freertos_kernel/timers.o
 .bss.xTimerQueue
                0x200029a0        0x4 ./freertos/freertos_kernel/timers.o
 .bss.xTimerTaskHandle
                0x200029a4        0x4 ./freertos/freertos_kernel/timers.o
 .bss.xLastTime.6001
                0x200029a8        0x4 ./freertos/freertos_kernel/timers.o
 .bss.s_uartHandle
                0x200029ac       0x14 ./drivers/fsl_uart.o
 .bss.s_uartIsr
                0x200029c0        0x4 ./drivers/fsl_uart.o
 .bss.__Ciob    0x200029c4       0xb4 c:/nxp/mcuxpressoide_11.3.0_5222/ide/plugins/com.nxp.mcuxpresso.tools.win32_11.3.0.202008311133/tools/bin/../lib/gcc/arm-none-eabi/9.3.1/../../../../arm-none-eabi/lib/thumb/v7e-m+fp/hard\libcr_semihost_nf.a(__ciob.o)
                0x200029c4                __Ciob
 .bss.__end_of_heap
                0x20002a78        0x4 c:/nxp/mcuxpressoide_11.3.0_5222/ide/plugins/com.nxp.mcuxpresso.tools.win32_11.3.0.202008311133/tools/bin/../lib/gcc/arm-none-eabi/9.3.1/../../../../arm-none-eabi/lib/thumb/v7e-m+fp/hard\libcr_c.a(__init_alloc.o)
                0x20002a78                __end_of_heap
 .bss.__heaps   0x20002a7c        0x4 c:/nxp/mcuxpressoide_11.3.0_5222/ide/plugins/com.nxp.mcuxpresso.tools.win32_11.3.0.202008311133/tools/bin/../lib/gcc/arm-none-eabi/9.3.1/../../../../arm-none-eabi/lib/thumb/v7e-m+fp/hard\libcr_c.a(__init_alloc.o)
                0x20002a7c                __heaps
 .bss.errno     0x20002a80        0x4 c:/nxp/mcuxpressoide_11.3.0_5222/ide/plugins/com.nxp.mcuxpresso.tools.win32_11.3.0.202008311133/tools/bin/../lib/gcc/arm-none-eabi/9.3.1/../../../../arm-none-eabi/lib/thumb/v7e-m+fp/hard\libcr_c.a(errno.o)
                0x20002a80                errno
 .bss.ucMaxSysCallPriority
                0x20002a84        0x1 ./freertos/freertos_kernel/portable/GCC/ARM_CM4F/port.o
 *(SORT_BY_ALIGNMENT(COMMON))
                0x20002a88                . = ALIGN (0x8)
 *fill*         0x20002a85        0x3 
                0x20002a88                _ebss = .
                [!provide]                PROVIDE (__end_bss_RAM = .)
                [!provide]                PROVIDE (__end_bss_SRAM_UPPER = .)
                [!provide]                PROVIDE (end = .)

.noinit_RAM2    0x1fff0000        0x0
                [!provide]                PROVIDE (__start_noinit_RAM2 = .)
                [!provide]                PROVIDE (__start_noinit_SRAM_LOWER = .)
 *(SORT_BY_ALIGNMENT(.noinit.$RAM2))
 *(SORT_BY_ALIGNMENT(.noinit.$SRAM_LOWER))
 *(SORT_BY_ALIGNMENT(.noinit.$RAM2.*))
 *(SORT_BY_ALIGNMENT(.noinit.$SRAM_LOWER.*))
                0x1fff0000                . = ALIGN (0x8)
                [!provide]                PROVIDE (__end_noinit_RAM2 = .)
                [!provide]                PROVIDE (__end_noinit_SRAM_LOWER = .)

.noinit_RAM3    0x14000000        0x0
                [!provide]                PROVIDE (__start_noinit_RAM3 = .)
                [!provide]                PROVIDE (__start_noinit_FLEX_RAM = .)
 *(SORT_BY_ALIGNMENT(.noinit.$RAM3))
 *(SORT_BY_ALIGNMENT(.noinit.$FLEX_RAM))
 *(SORT_BY_ALIGNMENT(.noinit.$RAM3.*))
 *(SORT_BY_ALIGNMENT(.noinit.$FLEX_RAM.*))
                0x14000000                . = ALIGN (0x8)
                [!provide]                PROVIDE (__end_noinit_RAM3 = .)
                [!provide]                PROVIDE (__end_noinit_FLEX_RAM = .)

.noinit         0x20002a88        0x0
                0x20002a88                _noinit = .
                [!provide]                PROVIDE (__start_noinit_RAM = .)
                [!provide]                PROVIDE (__start_noinit_SRAM_UPPER = .)
 *(SORT_BY_ALIGNMENT(.noinit*))
                0x20002a88                . = ALIGN (0x8)
                0x20002a88                _end_noinit = .
                [!provide]                PROVIDE (__end_noinit_RAM = .)
                [!provide]                PROVIDE (__end_noinit_SRAM_UPPER = .)
                0x00001000                _HeapSize = 0x1000

.heap           0x20002a88     0x1000
                0x20002a88                _pvHeapStart = .
                0x20003a88                . = (. + _HeapSize)
 *fill*         0x20002a88     0x1000 
                0x20003a88                . = ALIGN (0x8)
                0x20003a88                _pvHeapLimit = .
                0x00001000                _StackSize = 0x1000

.heap2stackfill
                0x20003a88     0x1000
                0x20004a88                . = (. + _StackSize)
 *fill*         0x20003a88     0x1000 

.stack          0x2002f000        0x0
                0x2002f000                _vStackBase = .
                0x2002f000                . = ALIGN (0x8)
                0x20030000                _vStackTop = (. + _StackSize)
                0x00000000                _image_start = LOADADDR (.text)
                0x00004968                _image_end = (LOADADDR (.data) + SIZEOF (.data))
                0x00004968                _image_size = (_image_end - _image_start)
OUTPUT(WB-CAN-Firmware.axf elf32-littlearm)
LOAD linker stubs

.debug_info     0x00000000     0x8abb
 .debug_info    0x00000000      0xa38 ./startup/startup_mk66f18.o
 .debug_info    0x00000a38      0x2a6 ./source/WB-CAN-Firmware.o
 .debug_info    0x00000cde       0x3c ./source/semihost_hardfault.o
 .debug_info    0x00000d1a      0x505 ./freertos/freertos_kernel/portable/MemMang/heap_4.o
 .debug_info    0x0000121f      0x511 ./freertos/freertos_kernel/portable/GCC/ARM_CM4F/port.o
 .debug_info    0x00001730      0x302 ./freertos/freertos_kernel/list.o
 .debug_info    0x00001a32     0x16db ./freertos/freertos_kernel/queue.o
 .debug_info    0x0000310d     0x2069 ./freertos/freertos_kernel/tasks.o
 .debug_info    0x00005176      0xeb6 ./freertos/freertos_kernel/timers.o
 .debug_info    0x0000602c     0x1dc9 ./drivers/fsl_uart.o
 .debug_info    0x00007df5      0xaa4 ./device/system_MK66F18.o
 .debug_info    0x00008899       0xba ./board/board.o
 .debug_info    0x00008953       0xf0 ./board/clock_config.o
 .debug_info    0x00008a43       0x3c ./board/peripherals.o
 .debug_info    0x00008a7f       0x3c ./board/pin_mux.o

.debug_abbrev   0x00000000     0x1730
 .debug_abbrev  0x00000000      0x17a ./startup/startup_mk66f18.o
 .debug_abbrev  0x0000017a      0x136 ./source/WB-CAN-Firmware.o
 .debug_abbrev  0x000002b0       0x31 ./source/semihost_hardfault.o
 .debug_abbrev  0x000002e1      0x209 ./freertos/freertos_kernel/portable/MemMang/heap_4.o
 .debug_abbrev  0x000004ea      0x259 ./freertos/freertos_kernel/portable/GCC/ARM_CM4F/port.o
 .debug_abbrev  0x00000743      0x12d ./freertos/freertos_kernel/list.o
 .debug_abbrev  0x00000870      0x2d9 ./freertos/freertos_kernel/queue.o
 .debug_abbrev  0x00000b49      0x30b ./freertos/freertos_kernel/tasks.o
 .debug_abbrev  0x00000e54      0x286 ./freertos/freertos_kernel/timers.o
 .debug_abbrev  0x000010da      0x358 ./drivers/fsl_uart.o
 .debug_abbrev  0x00001432      0x170 ./device/system_MK66F18.o
 .debug_abbrev  0x000015a2       0x8b ./board/board.o
 .debug_abbrev  0x0000162d       0xa1 ./board/clock_config.o
 .debug_abbrev  0x000016ce       0x31 ./board/peripherals.o
 .debug_abbrev  0x000016ff       0x31 ./board/pin_mux.o

.debug_aranges  0x00000000      0xb40
 .debug_aranges
                0x00000000      0x3a0 ./startup/startup_mk66f18.o
 .debug_aranges
                0x000003a0       0x28 ./source/WB-CAN-Firmware.o
 .debug_aranges
                0x000003c8       0x20 ./source/semihost_hardfault.o
 .debug_aranges
                0x000003e8       0x58 ./freertos/freertos_kernel/portable/MemMang/heap_4.o
 .debug_aranges
                0x00000440       0x80 ./freertos/freertos_kernel/portable/GCC/ARM_CM4F/port.o
 .debug_aranges
                0x000004c0       0x40 ./freertos/freertos_kernel/list.o
 .debug_aranges
                0x00000500      0x130 ./freertos/freertos_kernel/queue.o
 .debug_aranges
                0x00000630      0x208 ./freertos/freertos_kernel/tasks.o
 .debug_aranges
                0x00000838       0xe8 ./freertos/freertos_kernel/timers.o
 .debug_aranges
                0x00000920      0x170 ./drivers/fsl_uart.o
 .debug_aranges
                0x00000a90       0x30 ./device/system_MK66F18.o
 .debug_aranges
                0x00000ac0       0x20 ./board/board.o
 .debug_aranges
                0x00000ae0       0x20 ./board/clock_config.o
 .debug_aranges
                0x00000b00       0x20 ./board/peripherals.o
 .debug_aranges
                0x00000b20       0x20 ./board/pin_mux.o

.debug_ranges   0x00000000      0xa50
 .debug_ranges  0x00000000      0x390 ./startup/startup_mk66f18.o
 .debug_ranges  0x00000390       0x18 ./source/WB-CAN-Firmware.o
 .debug_ranges  0x000003a8       0x10 ./source/semihost_hardfault.o
 .debug_ranges  0x000003b8       0x48 ./freertos/freertos_kernel/portable/MemMang/heap_4.o
 .debug_ranges  0x00000400       0x70 ./freertos/freertos_kernel/portable/GCC/ARM_CM4F/port.o
 .debug_ranges  0x00000470       0x30 ./freertos/freertos_kernel/list.o
 .debug_ranges  0x000004a0      0x120 ./freertos/freertos_kernel/queue.o
 .debug_ranges  0x000005c0      0x1f8 ./freertos/freertos_kernel/tasks.o
 .debug_ranges  0x000007b8       0xd8 ./freertos/freertos_kernel/timers.o
 .debug_ranges  0x00000890      0x160 ./drivers/fsl_uart.o
 .debug_ranges  0x000009f0       0x20 ./device/system_MK66F18.o
 .debug_ranges  0x00000a10       0x10 ./board/board.o
 .debug_ranges  0x00000a20       0x10 ./board/clock_config.o
 .debug_ranges  0x00000a30       0x10 ./board/peripherals.o
 .debug_ranges  0x00000a40       0x10 ./board/pin_mux.o

.debug_macro    0x00000000      0xf35
 .debug_macro   0x00000000       0x29 ./startup/startup_mk66f18.o
 .debug_macro   0x00000029      0x1c8 ./source/WB-CAN-Firmware.o
 .debug_macro   0x000001f1       0xd8 ./source/WB-CAN-Firmware.o
 .debug_macro   0x000002c9       0x16 ./source/WB-CAN-Firmware.o
 .debug_macro   0x000002df       0x22 ./source/WB-CAN-Firmware.o
 .debug_macro   0x00000301      0x18a ./source/WB-CAN-Firmware.o
 .debug_macro   0x0000048b       0x28 ./source/WB-CAN-Firmware.o
 .debug_macro   0x000004b3       0x2e ./source/WB-CAN-Firmware.o
 .debug_macro   0x000004e1       0x11 ./source/semihost_hardfault.o
 .debug_macro   0x000004f2       0xdf ./freertos/freertos_kernel/portable/MemMang/heap_4.o
 .debug_macro   0x000005d1      0x179 ./freertos/freertos_kernel/portable/GCC/ARM_CM4F/port.o
 .debug_macro   0x0000074a       0x16 ./freertos/freertos_kernel/portable/GCC/ARM_CM4F/port.o
 .debug_macro   0x00000760       0xb8 ./freertos/freertos_kernel/list.o
 .debug_macro   0x00000818      0x125 ./freertos/freertos_kernel/queue.o
 .debug_macro   0x0000093d      0x188 ./freertos/freertos_kernel/tasks.o
 .debug_macro   0x00000ac5       0x10 ./freertos/freertos_kernel/tasks.o
 .debug_macro   0x00000ad5      0x10d ./freertos/freertos_kernel/timers.o
 .debug_macro   0x00000be2       0x97 ./freertos/freertos_kernel/timers.o
 .debug_macro   0x00000c79      0x109 ./drivers/fsl_uart.o
 .debug_macro   0x00000d82       0x10 ./drivers/fsl_uart.o
 .debug_macro   0x00000d92       0x98 ./device/system_MK66F18.o
 .debug_macro   0x00000e2a       0x45 ./board/board.o
 .debug_macro   0x00000e6f       0x90 ./board/clock_config.o
 .debug_macro   0x00000eff       0x1b ./board/peripherals.o
 .debug_macro   0x00000f1a       0x1b ./board/pin_mux.o

.debug_line     0x00000000     0x723a
 .debug_line    0x00000000      0xa5e ./startup/startup_mk66f18.o
 .debug_line    0x00000a5e      0x63d ./source/WB-CAN-Firmware.o
 .debug_line    0x0000109b       0x59 ./source/semihost_hardfault.o
 .debug_line    0x000010f4      0x63e ./freertos/freertos_kernel/portable/MemMang/heap_4.o
 .debug_line    0x00001732      0x63f ./freertos/freertos_kernel/portable/GCC/ARM_CM4F/port.o
 .debug_line    0x00001d71      0x414 ./freertos/freertos_kernel/list.o
 .debug_line    0x00002185     0x1200 ./freertos/freertos_kernel/queue.o
 .debug_line    0x00003385     0x1949 ./freertos/freertos_kernel/tasks.o
 .debug_line    0x00004cce      0xa00 ./freertos/freertos_kernel/timers.o
 .debug_line    0x000056ce     0x12be ./drivers/fsl_uart.o
 .debug_line    0x0000698c      0x417 ./device/system_MK66F18.o
 .debug_line    0x00006da3      0x180 ./board/board.o
 .debug_line    0x00006f23      0x267 ./board/clock_config.o
 .debug_line    0x0000718a       0x5c ./board/peripherals.o
 .debug_line    0x000071e6       0x54 ./board/pin_mux.o

.debug_str      0x00000000    0xbf8cf
 .debug_str     0x00000000     0x381f ./startup/startup_mk66f18.o
                               0x38ac (size before relaxing)
 .debug_str     0x0000381f    0xb4e27 ./source/WB-CAN-Firmware.o
                              0xb7d63 (size before relaxing)
 .debug_str     0x000b8646       0x1f ./source/semihost_hardfault.o
                               0x2eb4 (size before relaxing)
 .debug_str     0x000b8665     0x11d5 ./freertos/freertos_kernel/portable/MemMang/heap_4.o
                               0x88c3 (size before relaxing)
 .debug_str     0x000b983a      0x845 ./freertos/freertos_kernel/portable/GCC/ARM_CM4F/port.o
                               0x8d55 (size before relaxing)
 .debug_str     0x000ba07f      0x122 ./freertos/freertos_kernel/list.o
                               0x7fd5 (size before relaxing)
 .debug_str     0x000ba1a1      0xf9f ./freertos/freertos_kernel/queue.o
                               0x9683 (size before relaxing)
 .debug_str     0x000bb140     0x1b8d ./freertos/freertos_kernel/tasks.o
                               0xa3cc (size before relaxing)
 .debug_str     0x000bcccd      0x5d3 ./freertos/freertos_kernel/timers.o
                               0x9bab (size before relaxing)
 .debug_str     0x000bd2a0     0x2108 ./drivers/fsl_uart.o
                              0xb63f3 (size before relaxing)
 .debug_str     0x000bf3a8      0x47b ./device/system_MK66F18.o
                              0xb34cc (size before relaxing)
 .debug_str     0x000bf823       0x28 ./board/board.o
                               0x45d9 (size before relaxing)
 .debug_str     0x000bf84b       0x2d ./board/clock_config.o
                              0xab784 (size before relaxing)
 .debug_str     0x000bf878       0x31 ./board/peripherals.o
                               0x2ec5 (size before relaxing)
 .debug_str     0x000bf8a9       0x26 ./board/pin_mux.o
                               0x2eb6 (size before relaxing)

.comment        0x00000000       0x4c
 .comment       0x00000000       0x4c ./startup/startup_mk66f18.o
                                 0x4d (size before relaxing)
 .comment       0x0000004c       0x4d ./source/WB-CAN-Firmware.o
 .comment       0x0000004c       0x4d ./source/semihost_hardfault.o
 .comment       0x0000004c       0x4d ./freertos/freertos_kernel/portable/MemMang/heap_4.o
 .comment       0x0000004c       0x4d ./freertos/freertos_kernel/portable/GCC/ARM_CM4F/port.o
 .comment       0x0000004c       0x4d ./freertos/freertos_kernel/list.o
 .comment       0x0000004c       0x4d ./freertos/freertos_kernel/queue.o
 .comment       0x0000004c       0x4d ./freertos/freertos_kernel/tasks.o
 .comment       0x0000004c       0x4d ./freertos/freertos_kernel/timers.o
 .comment       0x0000004c       0x4d ./drivers/fsl_uart.o
 .comment       0x0000004c       0x4d ./device/system_MK66F18.o
 .comment       0x0000004c       0x4d ./board/board.o
 .comment       0x0000004c       0x4d ./board/clock_config.o
 .comment       0x0000004c       0x4d ./board/peripherals.o
 .comment       0x0000004c       0x4d ./board/pin_mux.o
 .comment       0x0000004c       0x4d c:/nxp/mcuxpressoide_11.3.0_5222/ide/plugins/com.nxp.mcuxpresso.tools.win32_11.3.0.202008311133/tools/bin/../lib/gcc/arm-none-eabi/9.3.1/../../../../arm-none-eabi/lib/thumb/v7e-m+fp/hard\libcr_semihost_nf.a(_cr__main.o)
 .comment       0x0000004c       0x4d c:/nxp/mcuxpressoide_11.3.0_5222/ide/plugins/com.nxp.mcuxpresso.tools.win32_11.3.0.202008311133/tools/bin/../lib/gcc/arm-none-eabi/9.3.1/../../../../arm-none-eabi/lib/thumb/v7e-m+fp/hard\libcr_semihost_nf.a(__ciob.o)
 .comment       0x0000004c       0x4d c:/nxp/mcuxpressoide_11.3.0_5222/ide/plugins/com.nxp.mcuxpresso.tools.win32_11.3.0.202008311133/tools/bin/../lib/gcc/arm-none-eabi/9.3.1/../../../../arm-none-eabi/lib/thumb/v7e-m+fp/hard\libcr_c.a(memcpy.o)
 .comment       0x0000004c       0x4d c:/nxp/mcuxpressoide_11.3.0_5222/ide/plugins/com.nxp.mcuxpresso.tools.win32_11.3.0.202008311133/tools/bin/../lib/gcc/arm-none-eabi/9.3.1/../../../../arm-none-eabi/lib/thumb/v7e-m+fp/hard\libcr_c.a(memset.o)
 .comment       0x0000004c       0x4d c:/nxp/mcuxpressoide_11.3.0_5222/ide/plugins/com.nxp.mcuxpresso.tools.win32_11.3.0.202008311133/tools/bin/../lib/gcc/arm-none-eabi/9.3.1/../../../../arm-none-eabi/lib/thumb/v7e-m+fp/hard\libcr_c.a(_deferredlazyseek.o)
 .comment       0x0000004c       0x4d c:/nxp/mcuxpressoide_11.3.0_5222/ide/plugins/com.nxp.mcuxpresso.tools.win32_11.3.0.202008311133/tools/bin/../lib/gcc/arm-none-eabi/9.3.1/../../../../arm-none-eabi/lib/thumb/v7e-m+fp/hard\libcr_c.a(_fflush.o)
 .comment       0x0000004c       0x4d c:/nxp/mcuxpressoide_11.3.0_5222/ide/plugins/com.nxp.mcuxpresso.tools.win32_11.3.0.202008311133/tools/bin/../lib/gcc/arm-none-eabi/9.3.1/../../../../arm-none-eabi/lib/thumb/v7e-m+fp/hard\libcr_c.a(_writebuf.o)
 .comment       0x0000004c       0x4d c:/nxp/mcuxpressoide_11.3.0_5222/ide/plugins/com.nxp.mcuxpresso.tools.win32_11.3.0.202008311133/tools/bin/../lib/gcc/arm-none-eabi/9.3.1/../../../../arm-none-eabi/lib/thumb/v7e-m+fp/hard\libcr_c.a(alloc.o)
 .comment       0x0000004c       0x4d c:/nxp/mcuxpressoide_11.3.0_5222/ide/plugins/com.nxp.mcuxpresso.tools.win32_11.3.0.202008311133/tools/bin/../lib/gcc/arm-none-eabi/9.3.1/../../../../arm-none-eabi/lib/thumb/v7e-m+fp/hard\libcr_c.a(fseek.o)
 .comment       0x0000004c       0x4d c:/nxp/mcuxpressoide_11.3.0_5222/ide/plugins/com.nxp.mcuxpresso.tools.win32_11.3.0.202008311133/tools/bin/../lib/gcc/arm-none-eabi/9.3.1/../../../../arm-none-eabi/lib/thumb/v7e-m+fp/hard\libcr_c.a(ftell.o)
 .comment       0x0000004c       0x4d c:/nxp/mcuxpressoide_11.3.0_5222/ide/plugins/com.nxp.mcuxpresso.tools.win32_11.3.0.202008311133/tools/bin/../lib/gcc/arm-none-eabi/9.3.1/../../../../arm-none-eabi/lib/thumb/v7e-m+fp/hard\libcr_c.a(initio.o)
 .comment       0x0000004c       0x4d c:/nxp/mcuxpressoide_11.3.0_5222/ide/plugins/com.nxp.mcuxpresso.tools.win32_11.3.0.202008311133/tools/bin/../lib/gcc/arm-none-eabi/9.3.1/../../../../arm-none-eabi/lib/thumb/v7e-m+fp/hard\libcr_c.a(printf.o)
 .comment       0x0000004c       0x4d c:/nxp/mcuxpressoide_11.3.0_5222/ide/plugins/com.nxp.mcuxpresso.tools.win32_11.3.0.202008311133/tools/bin/../lib/gcc/arm-none-eabi/9.3.1/../../../../arm-none-eabi/lib/thumb/v7e-m+fp/hard\libcr_c.a(setvbuf.o)
 .comment       0x0000004c       0x4d c:/nxp/mcuxpressoide_11.3.0_5222/ide/plugins/com.nxp.mcuxpresso.tools.win32_11.3.0.202008311133/tools/bin/../lib/gcc/arm-none-eabi/9.3.1/../../../../arm-none-eabi/lib/thumb/v7e-m+fp/hard\libcr_c.a(strlen.o)
 .comment       0x0000004c       0x4d c:/nxp/mcuxpressoide_11.3.0_5222/ide/plugins/com.nxp.mcuxpresso.tools.win32_11.3.0.202008311133/tools/bin/../lib/gcc/arm-none-eabi/9.3.1/../../../../arm-none-eabi/lib/thumb/v7e-m+fp/hard\libcr_c.a(__init_alloc.o)
 .comment       0x0000004c       0x4d c:/nxp/mcuxpressoide_11.3.0_5222/ide/plugins/com.nxp.mcuxpresso.tools.win32_11.3.0.202008311133/tools/bin/../lib/gcc/arm-none-eabi/9.3.1/../../../../arm-none-eabi/lib/thumb/v7e-m+fp/hard\libcr_c.a(_cr_sbrk.o)
 .comment       0x0000004c       0x4d c:/nxp/mcuxpressoide_11.3.0_5222/ide/plugins/com.nxp.mcuxpresso.tools.win32_11.3.0.202008311133/tools/bin/../lib/gcc/arm-none-eabi/9.3.1/../../../../arm-none-eabi/lib/thumb/v7e-m+fp/hard\libcr_c.a(_fdopen.o)
 .comment       0x0000004c       0x4d c:/nxp/mcuxpressoide_11.3.0_5222/ide/plugins/com.nxp.mcuxpresso.tools.win32_11.3.0.202008311133/tools/bin/../lib/gcc/arm-none-eabi/9.3.1/../../../../arm-none-eabi/lib/thumb/v7e-m+fp/hard\libcr_c.a(errno.o)
 .comment       0x0000004c       0x4d c:/nxp/mcuxpressoide_11.3.0_5222/ide/plugins/com.nxp.mcuxpresso.tools.win32_11.3.0.202008311133/tools/bin/../lib/gcc/arm-none-eabi/9.3.1/../../../../arm-none-eabi/lib/thumb/v7e-m+fp/hard\libcr_c.a(fclose.o)
 .comment       0x0000004c       0x4d c:/nxp/mcuxpressoide_11.3.0_5222/ide/plugins/com.nxp.mcuxpresso.tools.win32_11.3.0.202008311133/tools/bin/../lib/gcc/arm-none-eabi/9.3.1/../../../../arm-none-eabi/lib/thumb/v7e-m+fp/hard\libcr_c.a(fflush.o)
 .comment       0x0000004c       0x4d c:/nxp/mcuxpressoide_11.3.0_5222/ide/plugins/com.nxp.mcuxpresso.tools.win32_11.3.0.202008311133/tools/bin/../lib/gcc/arm-none-eabi/9.3.1/../../../../arm-none-eabi/lib/thumb/v7e-m+fp/hard\libcr_c.a(remove.o)
 .comment       0x0000004c       0x4d c:/nxp/mcuxpressoide_11.3.0_5222/ide/plugins/com.nxp.mcuxpresso.tools.win32_11.3.0.202008311133/tools/bin/../lib/gcc/arm-none-eabi/9.3.1/../../../../arm-none-eabi/lib/thumb/v7e-m+fp/hard\libcr_c.a(_cr_check_heap.o)
 .comment       0x0000004c       0x4d c:/nxp/mcuxpressoide_11.3.0_5222/ide/plugins/com.nxp.mcuxpresso.tools.win32_11.3.0.202008311133/tools/bin/../lib/gcc/arm-none-eabi/9.3.1/../../../../arm-none-eabi/lib/thumb/v7e-m+fp/hard\libcr_c.a(_do_fflush.o)

.ARM.attributes
                0x00000000       0x32
 .ARM.attributes
                0x00000000       0x34 ./startup/startup_mk66f18.o
 .ARM.attributes
                0x00000034       0x34 ./source/WB-CAN-Firmware.o
 .ARM.attributes
                0x00000068       0x34 ./source/semihost_hardfault.o
 .ARM.attributes
                0x0000009c       0x34 ./freertos/freertos_kernel/portable/MemMang/heap_4.o
 .ARM.attributes
                0x000000d0       0x34 ./freertos/freertos_kernel/portable/GCC/ARM_CM4F/port.o
 .ARM.attributes
                0x00000104       0x34 ./freertos/freertos_kernel/list.o
 .ARM.attributes
                0x00000138       0x34 ./freertos/freertos_kernel/queue.o
 .ARM.attributes
                0x0000016c       0x34 ./freertos/freertos_kernel/tasks.o
 .ARM.attributes
                0x000001a0       0x34 ./freertos/freertos_kernel/timers.o
 .ARM.attributes
                0x000001d4       0x34 ./drivers/fsl_uart.o
 .ARM.attributes
                0x00000208       0x34 ./device/system_MK66F18.o
 .ARM.attributes
                0x0000023c       0x34 ./board/board.o
 .ARM.attributes
                0x00000270       0x34 ./board/clock_config.o
 .ARM.attributes
                0x000002a4       0x34 ./board/peripherals.o
 .ARM.attributes
                0x000002d8       0x34 ./board/pin_mux.o
 .ARM.attributes
                0x0000030c       0x34 c:/nxp/mcuxpressoide_11.3.0_5222/ide/plugins/com.nxp.mcuxpresso.tools.win32_11.3.0.202008311133/tools/bin/../lib/gcc/arm-none-eabi/9.3.1/../../../../arm-none-eabi/lib/thumb/v7e-m+fp/hard\libcr_semihost_nf.a(_cr__main.o)
 .ARM.attributes
                0x00000340       0x39 c:/nxp/mcuxpressoide_11.3.0_5222/ide/plugins/com.nxp.mcuxpresso.tools.win32_11.3.0.202008311133/tools/bin/../lib/gcc/arm-none-eabi/9.3.1/../../../../arm-none-eabi/lib/thumb/v7e-m+fp/hard\libcr_semihost_nf.a(__ciob.o)
 .ARM.attributes
                0x00000379       0x20 c:/nxp/mcuxpressoide_11.3.0_5222/ide/plugins/com.nxp.mcuxpresso.tools.win32_11.3.0.202008311133/tools/bin/../lib/gcc/arm-none-eabi/9.3.1/../../../../arm-none-eabi/lib/thumb/v7e-m+fp/hard\libcr_semihost_nf.a(__sys_appexit.o)
 .ARM.attributes
                0x00000399       0x34 c:/nxp/mcuxpressoide_11.3.0_5222/ide/plugins/com.nxp.mcuxpresso.tools.win32_11.3.0.202008311133/tools/bin/../lib/gcc/arm-none-eabi/9.3.1/../../../../arm-none-eabi/lib/thumb/v7e-m+fp/hard\libcr_c.a(memcpy.o)
 .ARM.attributes
                0x000003cd       0x34 c:/nxp/mcuxpressoide_11.3.0_5222/ide/plugins/com.nxp.mcuxpresso.tools.win32_11.3.0.202008311133/tools/bin/../lib/gcc/arm-none-eabi/9.3.1/../../../../arm-none-eabi/lib/thumb/v7e-m+fp/hard\libcr_c.a(memset.o)
 .ARM.attributes
                0x00000401       0x34 c:/nxp/mcuxpressoide_11.3.0_5222/ide/plugins/com.nxp.mcuxpresso.tools.win32_11.3.0.202008311133/tools/bin/../lib/gcc/arm-none-eabi/9.3.1/../../../../arm-none-eabi/lib/thumb/v7e-m+fp/hard\libcr_c.a(_deferredlazyseek.o)
 .ARM.attributes
                0x00000435       0x34 c:/nxp/mcuxpressoide_11.3.0_5222/ide/plugins/com.nxp.mcuxpresso.tools.win32_11.3.0.202008311133/tools/bin/../lib/gcc/arm-none-eabi/9.3.1/../../../../arm-none-eabi/lib/thumb/v7e-m+fp/hard\libcr_c.a(_fflush.o)
 .ARM.attributes
                0x00000469       0x34 c:/nxp/mcuxpressoide_11.3.0_5222/ide/plugins/com.nxp.mcuxpresso.tools.win32_11.3.0.202008311133/tools/bin/../lib/gcc/arm-none-eabi/9.3.1/../../../../arm-none-eabi/lib/thumb/v7e-m+fp/hard\libcr_c.a(_writebuf.o)
 .ARM.attributes
                0x0000049d       0x34 c:/nxp/mcuxpressoide_11.3.0_5222/ide/plugins/com.nxp.mcuxpresso.tools.win32_11.3.0.202008311133/tools/bin/../lib/gcc/arm-none-eabi/9.3.1/../../../../arm-none-eabi/lib/thumb/v7e-m+fp/hard\libcr_c.a(alloc.o)
 .ARM.attributes
                0x000004d1       0x34 c:/nxp/mcuxpressoide_11.3.0_5222/ide/plugins/com.nxp.mcuxpresso.tools.win32_11.3.0.202008311133/tools/bin/../lib/gcc/arm-none-eabi/9.3.1/../../../../arm-none-eabi/lib/thumb/v7e-m+fp/hard\libcr_c.a(fseek.o)
 .ARM.attributes
                0x00000505       0x34 c:/nxp/mcuxpressoide_11.3.0_5222/ide/plugins/com.nxp.mcuxpresso.tools.win32_11.3.0.202008311133/tools/bin/../lib/gcc/arm-none-eabi/9.3.1/../../../../arm-none-eabi/lib/thumb/v7e-m+fp/hard\libcr_c.a(ftell.o)
 .ARM.attributes
                0x00000539       0x34 c:/nxp/mcuxpressoide_11.3.0_5222/ide/plugins/com.nxp.mcuxpresso.tools.win32_11.3.0.202008311133/tools/bin/../lib/gcc/arm-none-eabi/9.3.1/../../../../arm-none-eabi/lib/thumb/v7e-m+fp/hard\libcr_c.a(initio.o)
 .ARM.attributes
                0x0000056d       0x34 c:/nxp/mcuxpressoide_11.3.0_5222/ide/plugins/com.nxp.mcuxpresso.tools.win32_11.3.0.202008311133/tools/bin/../lib/gcc/arm-none-eabi/9.3.1/../../../../arm-none-eabi/lib/thumb/v7e-m+fp/hard\libcr_c.a(printf.o)
 .ARM.attributes
                0x000005a1       0x34 c:/nxp/mcuxpressoide_11.3.0_5222/ide/plugins/com.nxp.mcuxpresso.tools.win32_11.3.0.202008311133/tools/bin/../lib/gcc/arm-none-eabi/9.3.1/../../../../arm-none-eabi/lib/thumb/v7e-m+fp/hard\libcr_c.a(setvbuf.o)
 .ARM.attributes
                0x000005d5       0x34 c:/nxp/mcuxpressoide_11.3.0_5222/ide/plugins/com.nxp.mcuxpresso.tools.win32_11.3.0.202008311133/tools/bin/../lib/gcc/arm-none-eabi/9.3.1/../../../../arm-none-eabi/lib/thumb/v7e-m+fp/hard\libcr_c.a(strlen.o)
 .ARM.attributes
                0x00000609       0x34 c:/nxp/mcuxpressoide_11.3.0_5222/ide/plugins/com.nxp.mcuxpresso.tools.win32_11.3.0.202008311133/tools/bin/../lib/gcc/arm-none-eabi/9.3.1/../../../../arm-none-eabi/lib/thumb/v7e-m+fp/hard\libcr_c.a(__init_alloc.o)
 .ARM.attributes
                0x0000063d       0x34 c:/nxp/mcuxpressoide_11.3.0_5222/ide/plugins/com.nxp.mcuxpresso.tools.win32_11.3.0.202008311133/tools/bin/../lib/gcc/arm-none-eabi/9.3.1/../../../../arm-none-eabi/lib/thumb/v7e-m+fp/hard\libcr_c.a(_cr_sbrk.o)
 .ARM.attributes
                0x00000671       0x34 c:/nxp/mcuxpressoide_11.3.0_5222/ide/plugins/com.nxp.mcuxpresso.tools.win32_11.3.0.202008311133/tools/bin/../lib/gcc/arm-none-eabi/9.3.1/../../../../arm-none-eabi/lib/thumb/v7e-m+fp/hard\libcr_c.a(_fdopen.o)
 .ARM.attributes
                0x000006a5       0x39 c:/nxp/mcuxpressoide_11.3.0_5222/ide/plugins/com.nxp.mcuxpresso.tools.win32_11.3.0.202008311133/tools/bin/../lib/gcc/arm-none-eabi/9.3.1/../../../../arm-none-eabi/lib/thumb/v7e-m+fp/hard\libcr_c.a(errno.o)
 .ARM.attributes
                0x000006de       0x34 c:/nxp/mcuxpressoide_11.3.0_5222/ide/plugins/com.nxp.mcuxpresso.tools.win32_11.3.0.202008311133/tools/bin/../lib/gcc/arm-none-eabi/9.3.1/../../../../arm-none-eabi/lib/thumb/v7e-m+fp/hard\libcr_c.a(fclose.o)
 .ARM.attributes
                0x00000712       0x34 c:/nxp/mcuxpressoide_11.3.0_5222/ide/plugins/com.nxp.mcuxpresso.tools.win32_11.3.0.202008311133/tools/bin/../lib/gcc/arm-none-eabi/9.3.1/../../../../arm-none-eabi/lib/thumb/v7e-m+fp/hard\libcr_c.a(fflush.o)
 .ARM.attributes
                0x00000746       0x34 c:/nxp/mcuxpressoide_11.3.0_5222/ide/plugins/com.nxp.mcuxpresso.tools.win32_11.3.0.202008311133/tools/bin/../lib/gcc/arm-none-eabi/9.3.1/../../../../arm-none-eabi/lib/thumb/v7e-m+fp/hard\libcr_c.a(remove.o)
 .ARM.attributes
                0x0000077a       0x34 c:/nxp/mcuxpressoide_11.3.0_5222/ide/plugins/com.nxp.mcuxpresso.tools.win32_11.3.0.202008311133/tools/bin/../lib/gcc/arm-none-eabi/9.3.1/../../../../arm-none-eabi/lib/thumb/v7e-m+fp/hard\libcr_c.a(_cr_check_heap.o)
 .ARM.attributes
                0x000007ae       0x34 c:/nxp/mcuxpressoide_11.3.0_5222/ide/plugins/com.nxp.mcuxpresso.tools.win32_11.3.0.202008311133/tools/bin/../lib/gcc/arm-none-eabi/9.3.1/../../../../arm-none-eabi/lib/thumb/v7e-m+fp/hard\libcr_c.a(_do_fflush.o)
 .ARM.attributes
                0x000007e2       0x20 c:/nxp/mcuxpressoide_11.3.0_5222/ide/plugins/com.nxp.mcuxpresso.tools.win32_11.3.0.202008311133/tools/bin/../lib/gcc/arm-none-eabi/9.3.1/thumb/v7e-m+fp/hard\libcr_eabihelpers.a(memcpy.o)
 .ARM.attributes
                0x00000802       0x20 c:/nxp/mcuxpressoide_11.3.0_5222/ide/plugins/com.nxp.mcuxpresso.tools.win32_11.3.0.202008311133/tools/bin/../lib/gcc/arm-none-eabi/9.3.1/../../../../arm-none-eabi/lib/thumb/v7e-m+fp/hard\libcr_semihost_nf.a(__sys_close.o)
 .ARM.attributes
                0x00000822       0x20 c:/nxp/mcuxpressoide_11.3.0_5222/ide/plugins/com.nxp.mcuxpresso.tools.win32_11.3.0.202008311133/tools/bin/../lib/gcc/arm-none-eabi/9.3.1/../../../../arm-none-eabi/lib/thumb/v7e-m+fp/hard\libcr_semihost_nf.a(__sys_flen.o)
 .ARM.attributes
                0x00000842       0x20 c:/nxp/mcuxpressoide_11.3.0_5222/ide/plugins/com.nxp.mcuxpresso.tools.win32_11.3.0.202008311133/tools/bin/../lib/gcc/arm-none-eabi/9.3.1/../../../../arm-none-eabi/lib/thumb/v7e-m+fp/hard\libcr_semihost_nf.a(__sys_istty.o)
 .ARM.attributes
                0x00000862       0x20 c:/nxp/mcuxpressoide_11.3.0_5222/ide/plugins/com.nxp.mcuxpresso.tools.win32_11.3.0.202008311133/tools/bin/../lib/gcc/arm-none-eabi/9.3.1/../../../../arm-none-eabi/lib/thumb/v7e-m+fp/hard\libcr_semihost_nf.a(__sys_remove.o)
 .ARM.attributes
                0x00000882       0x20 c:/nxp/mcuxpressoide_11.3.0_5222/ide/plugins/com.nxp.mcuxpresso.tools.win32_11.3.0.202008311133/tools/bin/../lib/gcc/arm-none-eabi/9.3.1/../../../../arm-none-eabi/lib/thumb/v7e-m+fp/hard\libcr_semihost_nf.a(__sys_seek.o)
 .ARM.attributes
                0x000008a2       0x20 c:/nxp/mcuxpressoide_11.3.0_5222/ide/plugins/com.nxp.mcuxpresso.tools.win32_11.3.0.202008311133/tools/bin/../lib/gcc/arm-none-eabi/9.3.1/../../../../arm-none-eabi/lib/thumb/v7e-m+fp/hard\libcr_semihost_nf.a(__sys_tmpnam.o)
 .ARM.attributes
                0x000008c2       0x20 c:/nxp/mcuxpressoide_11.3.0_5222/ide/plugins/com.nxp.mcuxpresso.tools.win32_11.3.0.202008311133/tools/bin/../lib/gcc/arm-none-eabi/9.3.1/../../../../arm-none-eabi/lib/thumb/v7e-m+fp/hard\libcr_semihost_nf.a(__sys_write.o)

.debug_frame    0x00000000     0x2798
 .debug_frame   0x00000000      0xa54 ./startup/startup_mk66f18.o
 .debug_frame   0x00000a54       0x54 ./source/WB-CAN-Firmware.o
 .debug_frame   0x00000aa8       0x20 ./source/semihost_hardfault.o
 .debug_frame   0x00000ac8      0x12c ./freertos/freertos_kernel/portable/MemMang/heap_4.o
 .debug_frame   0x00000bf4      0x1a8 ./freertos/freertos_kernel/portable/GCC/ARM_CM4F/port.o
 .debug_frame   0x00000d9c       0xd8 ./freertos/freertos_kernel/list.o
 .debug_frame   0x00000e74      0x530 ./freertos/freertos_kernel/queue.o
 .debug_frame   0x000013a4      0x8ec ./freertos/freertos_kernel/tasks.o
 .debug_frame   0x00001c90      0x3d4 ./freertos/freertos_kernel/timers.o
 .debug_frame   0x00002064      0x604 ./drivers/fsl_uart.o
 .debug_frame   0x00002668       0x74 ./device/system_MK66F18.o
 .debug_frame   0x000026dc       0x30 ./board/board.o
 .debug_frame   0x0000270c       0x2c ./board/clock_config.o
 .debug_frame   0x00002738       0x30 ./board/peripherals.o
 .debug_frame   0x00002768       0x30 ./board/pin_mux.o

Cross Reference Table

Symbol                                            File