fsl_clock.h:725:20:CLOCK_EnableClock	24	static
fsl_clock.h:736:20:CLOCK_DisableClock	24	static
fsl_clock.h:747:20:CLOCK_SetEr32kClock	16	static
fsl_clock.h:822:20:CLOCK_SetPllFllSelClock	24	static
fsl_clock.h:1362:20:OSC_SetExtRefClkConfig	24	static
fsl_clock.h:1390:20:OSC_SetCapLoad	24	static
fsl_clock.c:194:13:CLOCK_FllStableDelay	16	static
fsl_clock.c:214:17:CLOCK_GetMcgExtClkFreq	16	static
fsl_clock.c:241:17:CLOCK_GetFllExtRefClkFreq	16	static
fsl_clock.c:290:17:CLOCK_GetInternalRefClkSelectFreq	16	static
fsl_clock.c:308:17:CLOCK_GetFllRefClkFreq	16	static
fsl_clock.c:326:17:CLOCK_GetPll0RefFreq	8	static
fsl_clock.c:332:16:CLOCK_GetOscRangeFromFreq	24	static
fsl_clock.c:357:10:CLOCK_GetOsc0ErClkUndivFreq	16	static
fsl_clock.c:378:10:CLOCK_GetOsc0ErClkDivFreq	16	static
fsl_clock.c:401:10:CLOCK_GetEr32kClkFreq	16	static
fsl_clock.c:430:10:CLOCK_GetPllFllSelClkFreq	16	static
fsl_clock.c:462:10:CLOCK_GetOsc0ErClkFreq	8	static
fsl_clock.c:472:10:CLOCK_GetPlatClkFreq	8	static
fsl_clock.c:482:10:CLOCK_GetFlashClkFreq	8	static
fsl_clock.c:492:10:CLOCK_GetFlexBusClkFreq	8	static
fsl_clock.c:502:10:CLOCK_GetBusClkFreq	8	static
fsl_clock.c:512:10:CLOCK_GetCoreSysClkFreq	8	static
fsl_clock.c:527:10:CLOCK_GetFreq	24	static
fsl_clock.c:591:6:CLOCK_SetSimConfig	16	static
fsl_clock.c:605:6:CLOCK_EnableUsbfs0Clock	24	static
fsl_clock.c:663:6:CLOCK_EnableUsbhs0Clock	16	static
fsl_clock.c:684:6:CLOCK_DisableUsbhs0Clock	4	static
fsl_clock.c:699:6:CLOCK_EnableUsbhs0PhyPllClock	24	static
fsl_clock.c:761:6:CLOCK_DisableUsbhs0PhyPllClock	4	static
fsl_clock.c:782:6:CLOCK_EnableUsbhs0PfdClock	24	static
fsl_clock.c:818:6:CLOCK_DisableUsbhs0PfdClock	4	static
fsl_clock.c:832:10:CLOCK_GetOutClkFreq	24	static
fsl_clock.c:880:10:CLOCK_GetFllFreq	24	static
fsl_clock.c:920:10:CLOCK_GetInternalRefClkFreq	16	static
fsl_clock.c:945:10:CLOCK_GetFixedFreqClkFreq	16	static
fsl_clock.c:971:10:CLOCK_GetPll0Freq	24	static
fsl_clock.c:1012:10:CLOCK_GetExtPllFreq	4	static
fsl_clock.c:1027:6:CLOCK_SetExtPllFreq	16	static
fsl_clock.c:1044:10:CLOCK_SetExternalRefClkConfig	24	static
fsl_clock.c:1097:10:CLOCK_SetInternalRefClkConfig	24	static
fsl_clock.c:1162:10:CLOCK_CalcPllDiv	48	static
fsl_clock.c:1275:6:CLOCK_EnablePll0	24	static
fsl_clock.c:1303:6:CLOCK_SetPllClkSel	16	static
fsl_clock.c:1318:6:CLOCK_SetOsc0MonitorMode	16	static
fsl_clock.c:1348:6:CLOCK_SetRtcOscMonitorMode	24	static
fsl_clock.c:1372:6:CLOCK_SetPll0MonitorMode	24	static
fsl_clock.c:1410:6:CLOCK_SetExtPllMonitorMode	24	static
fsl_clock.c:1453:10:CLOCK_GetStatusFlags	16	static
fsl_clock.c:1501:6:CLOCK_ClearStatusFlags	24	static
fsl_clock.c:1532:6:CLOCK_InitOsc0	24	static
fsl_clock.c:1555:6:CLOCK_DeinitOsc0	4	static
fsl_clock.c:1566:6:CLOCK_SetSlowIrcFreq	16	static
fsl_clock.c:1576:6:CLOCK_SetFastIrcFreq	16	static
fsl_clock.c:1599:10:CLOCK_TrimInternalRefClk	40	static
fsl_clock.c:1685:12:CLOCK_GetMode	32	static
fsl_clock.c:1803:10:CLOCK_SetFeiMode	24	static
fsl_clock.c:1879:10:CLOCK_SetFeeMode	24	static
fsl_clock.c:1974:10:CLOCK_SetFbiMode	24	static
fsl_clock.c:2054:10:CLOCK_SetFbeMode	24	static
fsl_clock.c:2147:10:CLOCK_SetBlpiMode	4	static
fsl_clock.c:2171:10:CLOCK_SetBlpeMode	4	static
fsl_clock.c:2205:10:CLOCK_SetPbeMode	16	static
fsl_clock.c:2268:10:CLOCK_SetPeeMode	4	static
fsl_clock.c:2305:10:CLOCK_ExternalModeToFbeModeQuick	4	static
fsl_clock.c:2347:10:CLOCK_InternalModeToFbiModeQuick	4	static
fsl_clock.c:2382:10:CLOCK_BootToFeiMode	16	static
fsl_clock.c:2402:10:CLOCK_BootToFeeMode	24	static
fsl_clock.c:2423:10:CLOCK_BootToBlpiMode	16	static
fsl_clock.c:2451:10:CLOCK_BootToBlpeMode	16	static
fsl_clock.c:2496:10:CLOCK_BootToPeeMode	16	static
fsl_clock.c:2560:10:CLOCK_SetMcgConfig	32	static
