startup_mk66f18.c:441:6:data_init	4	static
startup_mk66f18.c:450:6:bss_init	0	static
startup_mk66f18.c:475:6:ResetISR	8	static
startup_mk66f18.c:582:14:NMI_Handler	0	static
startup_mk66f18.c:586:14:HardFault_Handler	0	static
startup_mk66f18.c:590:14:MemManage_Handler	0	static
startup_mk66f18.c:594:14:BusFault_Handler	0	static
startup_mk66f18.c:598:14:UsageFault_Handler	0	static
startup_mk66f18.c:602:14:SVC_Handler	0	static
startup_mk66f18.c:606:14:DebugMon_Handler	0	static
startup_mk66f18.c:610:14:PendSV_Handler	0	static
startup_mk66f18.c:614:14:SysTick_Handler	0	static
startup_mk66f18.c:622:14:IntDefaultHandler	0	static
startup_mk66f18.c:632:11:DMA0_DMA16_IRQHandler	8	static
startup_mk66f18.c:636:11:DMA1_DMA17_IRQHandler	8	static
startup_mk66f18.c:640:11:DMA2_DMA18_IRQHandler	8	static
startup_mk66f18.c:644:11:DMA3_DMA19_IRQHandler	8	static
startup_mk66f18.c:648:11:DMA4_DMA20_IRQHandler	8	static
startup_mk66f18.c:652:11:DMA5_DMA21_IRQHandler	8	static
startup_mk66f18.c:656:11:DMA6_DMA22_IRQHandler	8	static
startup_mk66f18.c:660:11:DMA7_DMA23_IRQHandler	8	static
startup_mk66f18.c:664:11:DMA8_DMA24_IRQHandler	8	static
startup_mk66f18.c:668:11:DMA9_DMA25_IRQHandler	8	static
startup_mk66f18.c:672:11:DMA10_DMA26_IRQHandler	8	static
startup_mk66f18.c:676:11:DMA11_DMA27_IRQHandler	8	static
startup_mk66f18.c:680:11:DMA12_DMA28_IRQHandler	8	static
startup_mk66f18.c:684:11:DMA13_DMA29_IRQHandler	8	static
startup_mk66f18.c:688:11:DMA14_DMA30_IRQHandler	8	static
startup_mk66f18.c:692:11:DMA15_DMA31_IRQHandler	8	static
startup_mk66f18.c:696:11:DMA_Error_IRQHandler	8	static
startup_mk66f18.c:700:11:MCM_IRQHandler	8	static
startup_mk66f18.c:704:11:FTFE_IRQHandler	8	static
startup_mk66f18.c:708:11:Read_Collision_IRQHandler	8	static
startup_mk66f18.c:712:11:LVD_LVW_IRQHandler	8	static
startup_mk66f18.c:716:11:LLWU_IRQHandler	8	static
startup_mk66f18.c:720:11:WDOG_EWM_IRQHandler	8	static
startup_mk66f18.c:724:11:RNG_IRQHandler	8	static
startup_mk66f18.c:728:11:I2C0_IRQHandler	8	static
startup_mk66f18.c:732:11:I2C1_IRQHandler	8	static
startup_mk66f18.c:736:11:SPI0_IRQHandler	8	static
startup_mk66f18.c:740:11:SPI1_IRQHandler	8	static
startup_mk66f18.c:744:11:I2S0_Tx_IRQHandler	8	static
startup_mk66f18.c:748:11:I2S0_Rx_IRQHandler	8	static
startup_mk66f18.c:752:11:Reserved46_IRQHandler	8	static
startup_mk66f18.c:756:11:UART0_RX_TX_IRQHandler	8	static
startup_mk66f18.c:760:11:UART0_ERR_IRQHandler	8	static
startup_mk66f18.c:764:11:UART1_RX_TX_IRQHandler	8	static
startup_mk66f18.c:768:11:UART1_ERR_IRQHandler	8	static
startup_mk66f18.c:772:11:UART2_RX_TX_IRQHandler	8	static
startup_mk66f18.c:776:11:UART2_ERR_IRQHandler	8	static
startup_mk66f18.c:780:11:UART3_RX_TX_IRQHandler	8	static
startup_mk66f18.c:784:11:UART3_ERR_IRQHandler	8	static
startup_mk66f18.c:788:11:ADC0_IRQHandler	8	static
startup_mk66f18.c:792:11:CMP0_IRQHandler	8	static
startup_mk66f18.c:796:11:CMP1_IRQHandler	8	static
startup_mk66f18.c:800:11:FTM0_IRQHandler	8	static
startup_mk66f18.c:804:11:FTM1_IRQHandler	8	static
startup_mk66f18.c:808:11:FTM2_IRQHandler	8	static
startup_mk66f18.c:812:11:CMT_IRQHandler	8	static
startup_mk66f18.c:816:11:RTC_IRQHandler	8	static
startup_mk66f18.c:820:11:RTC_Seconds_IRQHandler	8	static
startup_mk66f18.c:824:11:PIT0_IRQHandler	8	static
startup_mk66f18.c:828:11:PIT1_IRQHandler	8	static
startup_mk66f18.c:832:11:PIT2_IRQHandler	8	static
startup_mk66f18.c:836:11:PIT3_IRQHandler	8	static
startup_mk66f18.c:840:11:PDB0_IRQHandler	8	static
startup_mk66f18.c:844:11:USB0_IRQHandler	8	static
startup_mk66f18.c:848:11:USBDCD_IRQHandler	8	static
startup_mk66f18.c:852:11:Reserved71_IRQHandler	8	static
startup_mk66f18.c:856:11:DAC0_IRQHandler	8	static
startup_mk66f18.c:860:11:MCG_IRQHandler	8	static
startup_mk66f18.c:864:11:LPTMR0_IRQHandler	8	static
startup_mk66f18.c:868:11:PORTA_IRQHandler	8	static
startup_mk66f18.c:872:11:PORTB_IRQHandler	8	static
startup_mk66f18.c:876:11:PORTC_IRQHandler	8	static
startup_mk66f18.c:880:11:PORTD_IRQHandler	8	static
startup_mk66f18.c:884:11:PORTE_IRQHandler	8	static
startup_mk66f18.c:888:11:SWI_IRQHandler	8	static
startup_mk66f18.c:892:11:SPI2_IRQHandler	8	static
startup_mk66f18.c:896:11:UART4_RX_TX_IRQHandler	8	static
startup_mk66f18.c:900:11:UART4_ERR_IRQHandler	8	static
startup_mk66f18.c:904:11:Reserved84_IRQHandler	8	static
startup_mk66f18.c:908:11:Reserved85_IRQHandler	8	static
startup_mk66f18.c:912:11:CMP2_IRQHandler	8	static
startup_mk66f18.c:916:11:FTM3_IRQHandler	8	static
startup_mk66f18.c:920:11:DAC1_IRQHandler	8	static
startup_mk66f18.c:924:11:ADC1_IRQHandler	8	static
startup_mk66f18.c:928:11:I2C2_IRQHandler	8	static
startup_mk66f18.c:932:11:CAN0_ORed_Message_buffer_IRQHandler	8	static
startup_mk66f18.c:936:11:CAN0_Bus_Off_IRQHandler	8	static
startup_mk66f18.c:940:11:CAN0_Error_IRQHandler	8	static
startup_mk66f18.c:944:11:CAN0_Tx_Warning_IRQHandler	8	static
startup_mk66f18.c:948:11:CAN0_Rx_Warning_IRQHandler	8	static
startup_mk66f18.c:952:11:CAN0_Wake_Up_IRQHandler	8	static
startup_mk66f18.c:956:11:SDHC_IRQHandler	8	static
startup_mk66f18.c:960:11:ENET_1588_Timer_IRQHandler	8	static
startup_mk66f18.c:964:11:ENET_Transmit_IRQHandler	8	static
startup_mk66f18.c:968:11:ENET_Receive_IRQHandler	8	static
startup_mk66f18.c:972:11:ENET_Error_IRQHandler	8	static
startup_mk66f18.c:976:11:LPUART0_IRQHandler	8	static
startup_mk66f18.c:980:11:TSI0_IRQHandler	8	static
startup_mk66f18.c:984:11:TPM1_IRQHandler	8	static
startup_mk66f18.c:988:11:TPM2_IRQHandler	8	static
startup_mk66f18.c:992:11:USBHSDCD_IRQHandler	8	static
startup_mk66f18.c:996:11:I2C3_IRQHandler	8	static
startup_mk66f18.c:1000:11:CMP3_IRQHandler	8	static
startup_mk66f18.c:1004:11:USBHS_IRQHandler	8	static
startup_mk66f18.c:1008:11:CAN1_ORed_Message_buffer_IRQHandler	8	static
startup_mk66f18.c:1012:11:CAN1_Bus_Off_IRQHandler	8	static
startup_mk66f18.c:1016:11:CAN1_Error_IRQHandler	8	static
startup_mk66f18.c:1020:11:CAN1_Tx_Warning_IRQHandler	8	static
startup_mk66f18.c:1024:11:CAN1_Rx_Warning_IRQHandler	8	static
startup_mk66f18.c:1028:11:CAN1_Wake_Up_IRQHandler	8	static
